Microchip MPLAB XC8 Compiler V1.34 ()

Linker command line:

--edf=C:\Program Files\Microchip\xc8\v1.34\dat\en_msgs.txt -cs \
  -h+dist/default/production\laboratorioTP.production.sym \
  --cmf=dist/default/production\laboratorioTP.production.cmf -z -Q18F26J50 \
  -oC:\Users\Matias\AppData\Local\Temp\s2ns8.6 \
  -Mdist/default/production/laboratorioTP.production.map -E1 -ver=XC8 \
  -ASTACK=08Dh-0ebfh -pstack=STACK -ACODE=00h-0FFF7h -ACONST=00h-0FFF7h \
  -ASMALLCONST=0F00h-0FFFhx240,0FF00h-0FFF7h -AMEDIUMCONST=0F00h-0FFF7h \
  -ACOMRAM=01h-05Fh -AABS1=00h-0EBFh -ABIGRAM=01h-0EBFh \
  -ARAM=060h-0FFh,0100h-01FFhx13,0E00h-0EBFh -ABANK0=060h-0FFh \
  -ABANK1=0100h-01FFh -ABANK2=0200h-02FFh -ABANK3=0300h-03FFh \
  -ABANK4=0400h-04FFh -ABANK5=0500h-05FFh -ABANK6=0600h-06FFh \
  -ABANK7=0700h-07FFh -ABANK8=0800h-08FFh -ABANK9=0900h-09FFh \
  -ABANK10=0A00h-0AFFh -ABANK11=0B00h-0BFFh -ABANK12=0C00h-0CFFh \
  -ABANK13=0D00h-0DFFh -ABANK14=0E00h-0EBFh \
  -ASFR=0EC0h-0EFFh,0F00h-0F5Fh,0F60h-0FFFh \
  -preset_vec=00h,intcode,intcodelo,powerup,init,end_init -pramtop=0F00h \
  -psmallconst=SMALLCONST -pmediumconst=MEDIUMCONST -pconst=CONST \
  -AFARRAM=00h-00h -ACONFIG=0FFF8h-0FFFFh -pconfig=CONFIG \
  -pjflash_buffer=0F800h \
  -prdata=COMRAM,nvrram=COMRAM,nvbit=COMRAM,rbss=COMRAM,rbit=COMRAM \
  -pfarbss=FARRAM,fardata=FARRAM,nvFARRAM=FARRAM \
  -pintsave_regs=BIGRAM,bigbss=BIGRAM,bigdata=BIGRAM -pbss=RAM \
  -pidata=CODE,irdata=CODE,ibigdata=CODE,ifardata=CODE -prparam=COMRAM \
  C:\Users\Matias\AppData\Local\Temp\s2ns8.obj \
  dist/default/production\laboratorioTP.production.obj 

Object code version is 3.11

Machine type is 18F26J50

Call graph: (short form)




                Name                               Link     Load   Length Selector   Space Scale
C:\Users\Matias\AppData\Local\Temp\s2ns8.obj
                end_init                              0        0        4        0       0
                config                             FFF8     FFF8        8     FFF8       0
dist/default/production\laboratorioTP.production.obj
                smallconst                          F00      F00       8A      780       0
                text29                             1EDA     1EDA       12      7C5       0
                text28                             15CC     15CC      146      7C5       0
                text27                             1712     1712      10C      7C5       0
                text26                             18DC     18DC       96      7C5       0
                text25                             1484     1484      148      7C5       0
                text24                             1EC8     1EC8       12      7C5       0
                text23                             1AEC     1AEC       76      7C5       0
                text22                             1DEC     1DEC       32      7C5       0
                text21                             1EFA     1EFA        E      7C5       0
                text20                             1EB6     1EB6       12      7C5       0
                text19                             1972     1972       80      7C5       0
                text18                             1D60     1D60       48      7C5       0
                text17                             1F08     1F08        8      7C5       0
                text16                             1E8C     1E8C       16      7C5       0
                text15                             1F10     1F10        6      7C5       0
                text14                             1EA2     1EA2       14      7C5       0
                text13                             1C1C     1C1C       58      7C5       0
                text12                             1E46     1E46       24      7C5       0
                text11                             1D14     1D14       4C      7C5       0
                text10                             1C74     1C74       54      7C5       0
                text9                              1BC0     1BC0       5C      7C5       0
                text8                              1CC8     1CC8       4C      7C5       0
                text7                              1E1E     1E1E       28      7C5       0
                text6                              1E6A     1E6A       22      7C5       0
                text5                              1220     1220      264      7C5       0
                text4                               F8A      F8A      296      7C5       0
                text3                              1B62     1B62       5E      7C5       0
                text2                              19F2     19F2       7E      7C5       0
                text1                              181E     181E       BE      7C5       0
                text0                              1A70     1A70       7C      7C5       0
                cstackCOMRAM                          1        1       2A        1       1
                bssBANK0                             60       60       2C       60       1
                dataCOMRAM                           45       45        E        1       1
                bssCOMRAM                            2B       2B       1A        1       1
                bitbssCOMRAM                        2F8       5F        1        1       1     8
                cinit                              1DA8     1DA8       44      7C5       0
                nvBANK0                              8C       8C        1       60       1
                nvCOMRAM                             53       53        C        1       1
                idataCOMRAM                        1EEC     1EEC        E      7C5       0

TOTAL           Name                               Link     Load   Length     Space
        CLASS   STACK          

        CLASS   CODE           
                end_init                              0        0        4         0
                text29                             1EDA     1EDA       12         0
                text28                             15CC     15CC      146         0
                text27                             1712     1712      10C         0
                text26                             18DC     18DC       96         0
                text25                             1484     1484      148         0
                text24                             1EC8     1EC8       12         0
                text23                             1AEC     1AEC       76         0
                text22                             1DEC     1DEC       32         0
                text21                             1EFA     1EFA        E         0
                text20                             1EB6     1EB6       12         0
                text19                             1972     1972       80         0
                text18                             1D60     1D60       48         0
                text17                             1F08     1F08        8         0
                text16                             1E8C     1E8C       16         0
                text15                             1F10     1F10        6         0
                text14                             1EA2     1EA2       14         0
                text13                             1C1C     1C1C       58         0
                text12                             1E46     1E46       24         0
                text11                             1D14     1D14       4C         0
                text10                             1C74     1C74       54         0
                text9                              1BC0     1BC0       5C         0
                text8                              1CC8     1CC8       4C         0
                text7                              1E1E     1E1E       28         0
                text6                              1E6A     1E6A       22         0
                text5                              1220     1220      264         0
                text4                               F8A      F8A      296         0
                text3                              1B62     1B62       5E         0
                text2                              19F2     19F2       7E         0
                text1                              181E     181E       BE         0
                text0                              1A70     1A70       7C         0
                cinit                              1DA8     1DA8       44         0
                idataCOMRAM                        1EEC     1EEC        E         0

        CLASS   CONST          

        CLASS   SMALLCONST     
                smallconst                          F00      F00       8A         0

        CLASS   MEDIUMCONST    

        CLASS   COMRAM         
                cstackCOMRAM                          1        1       2A         1
                dataCOMRAM                           45       45        E         1
                bssCOMRAM                            2B       2B       1A         1
                bitbssCOMRAM                        2F8       5F        1         1
                nvCOMRAM                             53       53        C         1

        CLASS   ABS1           

        CLASS   BIGRAM         

        CLASS   RAM            

        CLASS   BANK0          
                bssBANK0                             60       60       2C         1
                nvBANK0                              8C       8C        1         1

        CLASS   BANK1          

        CLASS   BANK2          

        CLASS   BANK3          

        CLASS   BANK4          

        CLASS   BANK5          

        CLASS   BANK6          

        CLASS   BANK7          

        CLASS   BANK8          

        CLASS   BANK9          

        CLASS   BANK10         

        CLASS   BANK11         

        CLASS   BANK12         

        CLASS   BANK13         

        CLASS   BANK14         

        CLASS   SFR            

        CLASS   FARRAM         

        CLASS   CONFIG         
                config                             FFF8     FFF8        8         0

        CLASS   IDLOC          



SEGMENTS        Name                           Load    Length   Top    Selector   Space  Class

                reset_vec                      000000  000004  000004         0       0  CODE    
                cstackCOMRAM                   000001  00005F  000060         1       1  COMRAM  
                bssBANK0                       000060  00002D  00008D        60       1  BANK0   
                smallconst                     000F00  00008A  000F8A       780       0  SMALLCON
                text4                          000F8A  000F8C  001F16       7C5       0  CODE    
                config                         00FFF8  000008  010000      FFF8       0  CONFIG  


UNUSED ADDRESS RANGES

        Name                Unused          Largest block    Delta
        BANK0            0008D-000FF              73
        BANK1            00100-001FF             100
        BANK10           00A00-00AFF             100
        BANK11           00B00-00BFF             100
        BANK12           00C00-00CFF             100
        BANK13           00D00-00DFF             100
        BANK14           00E00-00EBF              C0
        BANK2            00200-002FF             100
        BANK3            00300-003FF             100
        BANK4            00400-004FF             100
        BANK5            00500-005FF             100
        BANK6            00600-006FF             100
        BANK7            00700-007FF             100
        BANK8            00800-008FF             100
        BANK9            00900-009FF             100
        BIGRAM           0008D-00EBF             E33
        CODE             00004-00EFF             EFC
                         01F16-0FFF7            E0E2
        CONST            00004-00EFF             EFC
                         01F16-0FFF7            E0E2
        MEDIUMCONST      01F16-0FFF7            E0E2
        RAM              0008D-00EBF             100
        SFR              00EC0-00FFF              60
        SMALLCONST       01F16-0FFF7             100
        STACK            0008D-00EBF             E33

                                  Symbol Table

?___awdiv                  cstackCOMRAM  00001
?___lwdiv                  cstackCOMRAM  00001
?___lwmod                  cstackCOMRAM  00008
?___wmul                   cstackCOMRAM  00001
?_sprintf                  cstackCOMRAM  0000D
Delay100TCYx@unit          cstackCOMRAM  00001
Delay1KTCYx@unit           cstackCOMRAM  00001
RtccWriteDate@di           cstackCOMRAM  00003
RtccWriteDate@pDt          cstackCOMRAM  00001
RtccWriteDate@tempDayMonth cstackCOMRAM  0000A
RtccWriteDate@tempHourWDay cstackCOMRAM  0000C
RtccWriteDate@tempYear     cstackCOMRAM  00007
RtccWriteDate@wasAlrm      cstackCOMRAM  00006
RtccWriteDate@wasOn        cstackCOMRAM  00005
RtccWriteDate@wasWrEn      cstackCOMRAM  00009
RtccWriteTime@di           cstackCOMRAM  00003
RtccWriteTime@pTm          cstackCOMRAM  00001
RtccWriteTime@tempHourWDay cstackCOMRAM  0000A
RtccWriteTime@tempMinSec   cstackCOMRAM  00008
RtccWriteTime@wasAlrm      cstackCOMRAM  00006
RtccWriteTime@wasOn        cstackCOMRAM  00005
RtccWriteTime@wasWrEn      cstackCOMRAM  00007
_ADCON0                    (abs)         00FC2
_ADCON1                    (abs)         00FC1
_ALRMCFGbits               (abs)         00F91
_ANCON0                    (abs)         00F48
_ANCON1                    (abs)         00F49
_Delay100TCYx              text24        01EC8
_Delay1KTCYx               text20        01EB6
_EECON2                    (abs)         00FA7
_INTCONbits                (abs)         00FF2
_LATAbits                  (abs)         00F89
_LATBbits                  (abs)         00F8A
_LCD_INIT_STRING           smallconst    00F0B
_OSCCONbits                (abs)         00FD3
_OSCTUNEbits               (abs)         00F9B
_PIE3bits                  (abs)         00FA3
_PORTAbits                 (abs)         00F80
_PORTCbits                 (abs)         00F82
_RTCCFG                    (abs)         00F3F
_RTCCFGbits                (abs)         00F3F
_RTCVALH                   (abs)         00F99
_RTCVALL                   (abs)         00F98
_RtccAlrmTimeDate          bssBANK0      00060
_RtccDate                  bssCOMRAM     0003D
_RtccTime                  bssCOMRAM     00041
_RtccTimeDate              bssBANK0      00068
_RtccTimeVal               bssCOMRAM     0002B
_RtccWrOn                  text29        01EDA
_RtccWriteDate             text28        015CC
_RtccWriteTime             text27        01712
_Rtcc_read_TimeDate        bssBANK0      00070
_Setup                     text18        01D60
_T1CONbits                 (abs)         00FCD
_TRISA                     (abs)         00F92
_TRISB                     (abs)         00F93
_TRISBbits                 (abs)         00F93
_TRISC                     (abs)         00F94
_Write_RTC                 text25        01484
__CFG_CP0$OFF              (abs)         00000
__CFG_CPUDIV$OSC1          (abs)         00000
__CFG_DSBOREN$OFF          (abs)         00000
__CFG_DSWDTEN$OFF          (abs)         00000
__CFG_DSWDTOSC$INTOSCREF   (abs)         00000
__CFG_DSWDTPS$G2           (abs)         00000
__CFG_FCMEN$OFF            (abs)         00000
__CFG_IESO$OFF             (abs)         00000
__CFG_IOL1WAY$OFF          (abs)         00000
__CFG_LPT1OSC$OFF          (abs)         00000
__CFG_MSSP7B_EN$MSK7       (abs)         00000
__CFG_OSC$INTOSC           (abs)         00000
__CFG_PLLDIV$1             (abs)         00000
__CFG_RTCOSC$T1OSCREF      (abs)         00000
__CFG_STVREN$ON            (abs)         00000
__CFG_T1DIG$ON             (abs)         00000
__CFG_WDTEN$OFF            (abs)         00000
__CFG_WDTPS$32768          (abs)         00000
__CFG_WPCFG$OFF            (abs)         00000
__CFG_WPDIS$OFF            (abs)         00000
__CFG_XINST$OFF            (abs)         00000
__HRAM                     (abs)         00000
__Habs1                    abs1          00000
__Hbank0                   bank0         00000
__Hbank1                   bank1         00000
__Hbank10                  bank10        00000
__Hbank11                  bank11        00000
__Hbank12                  bank12        00000
__Hbank13                  bank13        00000
__Hbank14                  bank14        00000
__Hbank2                   bank2         00000
__Hbank3                   bank3         00000
__Hbank4                   bank4         00000
__Hbank5                   bank5         00000
__Hbank6                   bank6         00000
__Hbank7                   bank7         00000
__Hbank8                   bank8         00000
__Hbank9                   bank9         00000
__Hbigbss                  bigbss        00000
__Hbigdata                 bigdata       00000
__Hbigram                  bigram        00000
__HbitbssCOMRAM            bitbssCOMRAM  00000
__Hbss                     bss           00000
__HbssBANK0                bssBANK0      00000
__HbssCOMRAM               bssCOMRAM     00000
__Hcinit                   cinit         00000
__Hclrtext                 clrtext       00000
__Hcomram                  comram        00000
__Hconfig                  config        10000
__Hconst                   const         00000
__HcstackCOMRAM            cstackCOMRAM  00000
__Hdata                    data          00000
__HdataCOMRAM              dataCOMRAM    00000
__Hend_init                end_init      00004
__Hfarbss                  farbss        00000
__Hfardata                 fardata       00000
__Hibigdata                ibigdata      00000
__Hidata                   idata         00000
__HidataCOMRAM             idataCOMRAM   00000
__Hidloc                   idloc         00000
__Hifardata                ifardata      00000
__Hinit                    init          00000
__Hintcode                 intcode       00000
__Hintcode_body            intcode_body  00000
__Hintcodelo               intcodelo     00000
__Hintentry                intentry      00000
__Hintret                  intret        00000
__Hintsave_regs            intsave_regs  00000
__Hirdata                  irdata        00000
__Hjflash_buffer           jflash_buffer 0F800
__Hmediumconst             mediumconst   00000
__HnvBANK0                 nvBANK0       00000
__HnvCOMRAM                nvCOMRAM      00000
__HnvFARRAM                nvFARRAM      00000
__Hnvbit                   nvbit         00000
__Hnvrram                  nvrram        00000
__Hparam                   rparam        00000
__Hpowerup                 powerup       00000
__Hram                     ram           00000
__Hramtop                  ramtop        00F00
__Hrbit                    rbit          00000
__Hrbss                    rbss          00000
__Hrdata                   rdata         00000
__Hreset_vec               reset_vec     00000
__Hrparam                  rparam        00000
__Hsfr                     sfr           00000
__Hsmallconst              smallconst    00F8A
__Hspace_0                 (abs)         10000
__Hspace_1                 (abs)         002F9
__Hspace_2                 (abs)         00000
__Hstack                   stack         00000
__Hstruct                  struct        00000
__Htemp                    temp          00000
__Htext                    text          00000
__Htext0                   text0         00000
__Htext1                   text1         00000
__Htext10                  text10        00000
__Htext11                  text11        00000
__Htext12                  text12        00000
__Htext13                  text13        00000
__Htext14                  text14        00000
__Htext15                  text15        00000
__Htext16                  text16        00000
__Htext17                  text17        00000
__Htext18                  text18        00000
__Htext19                  text19        00000
__Htext2                   text2         00000
__Htext20                  text20        00000
__Htext21                  text21        00000
__Htext22                  text22        00000
__Htext23                  text23        00000
__Htext24                  text24        00000
__Htext25                  text25        00000
__Htext26                  text26        00000
__Htext27                  text27        00000
__Htext28                  text28        00000
__Htext29                  text29        00000
__Htext3                   text3         00000
__Htext4                   text4         00000
__Htext5                   text5         00000
__Htext6                   text6         00000
__Htext7                   text7         00000
__Htext8                   text8         00000
__Htext9                   text9         00000
__LRAM                     (abs)         00001
__Labs1                    abs1          00000
__Lbank0                   bank0         00000
__Lbank1                   bank1         00000
__Lbank10                  bank10        00000
__Lbank11                  bank11        00000
__Lbank12                  bank12        00000
__Lbank13                  bank13        00000
__Lbank14                  bank14        00000
__Lbank2                   bank2         00000
__Lbank3                   bank3         00000
__Lbank4                   bank4         00000
__Lbank5                   bank5         00000
__Lbank6                   bank6         00000
__Lbank7                   bank7         00000
__Lbank8                   bank8         00000
__Lbank9                   bank9         00000
__Lbigbss                  bigbss        00000
__Lbigdata                 bigdata       00000
__Lbigram                  bigram        00000
__LbitbssCOMRAM            bitbssCOMRAM  00000
__Lbss                     bss           00000
__LbssBANK0                bssBANK0      00000
__LbssCOMRAM               bssCOMRAM     00000
__Lcinit                   cinit         00000
__Lclrtext                 clrtext       00000
__Lcomram                  comram        00000
__Lconfig                  config        0FFF8
__Lconst                   const         00000
__LcstackCOMRAM            cstackCOMRAM  00000
__Ldata                    data          00000
__LdataCOMRAM              dataCOMRAM    00000
__Lend_init                end_init      00000
__Lfarbss                  farbss        00000
__Lfardata                 fardata       00000
__Libigdata                ibigdata      00000
__Lidata                   idata         00000
__LidataCOMRAM             idataCOMRAM   00000
__Lidloc                   idloc         00000
__Lifardata                ifardata      00000
__Linit                    init          00000
__Lintcode                 intcode       00000
__Lintcode_body            intcode_body  00000
__Lintcodelo               intcodelo     00000
__Lintentry                intentry      00000
__Lintret                  intret        00000
__Lintsave_regs            intsave_regs  00000
__Lirdata                  irdata        00000
__Ljflash_buffer           jflash_buffer 0F800
__Lmediumconst             mediumconst   00000
__LnvBANK0                 nvBANK0       00000
__LnvCOMRAM                nvCOMRAM      00000
__LnvFARRAM                nvFARRAM      00000
__Lnvbit                   nvbit         00000
__Lnvrram                  nvrram        00000
__Lparam                   rparam        00000
__Lpowerup                 powerup       00000
__Lram                     ram           00000
__Lramtop                  ramtop        00F00
__Lrbit                    rbit          00000
__Lrbss                    rbss          00000
__Lrdata                   rdata         00000
__Lreset_vec               reset_vec     00000
__Lrparam                  rparam        00000
__Lsfr                     sfr           00000
__Lsmallconst              smallconst    00F00
__Lspace_0                 (abs)         00000
__Lspace_1                 (abs)         00000
__Lspace_2                 (abs)         00000
__Lstack                   stack         00000
__Lstruct                  struct        00000
__Ltemp                    temp          00000
__Ltext                    text          00000
__Ltext0                   text0         00000
__Ltext1                   text1         00000
__Ltext10                  text10        00000
__Ltext11                  text11        00000
__Ltext12                  text12        00000
__Ltext13                  text13        00000
__Ltext14                  text14        00000
__Ltext15                  text15        00000
__Ltext16                  text16        00000
__Ltext17                  text17        00000
__Ltext18                  text18        00000
__Ltext19                  text19        00000
__Ltext2                   text2         00000
__Ltext20                  text20        00000
__Ltext21                  text21        00000
__Ltext22                  text22        00000
__Ltext23                  text23        00000
__Ltext24                  text24        00000
__Ltext25                  text25        00000
__Ltext26                  text26        00000
__Ltext27                  text27        00000
__Ltext28                  text28        00000
__Ltext29                  text29        00000
__Ltext3                   text3         00000
__Ltext4                   text4         00000
__Ltext5                   text5         00000
__Ltext6                   text6         00000
__Ltext7                   text7         00000
__Ltext8                   text8         00000
__Ltext9                   text9         00000
__S0                       (abs)         10000
__S1                       (abs)         0008D
__S2                       (abs)         00000
___awdiv                   text26        018DC
___awdiv@counter           cstackCOMRAM  00005
___awdiv@dividend          cstackCOMRAM  00001
___awdiv@divisor           cstackCOMRAM  00003
___awdiv@quotient          cstackCOMRAM  00007
___awdiv@sign              cstackCOMRAM  00006
___inthi_sp                stack         00000
___intlo_sp                stack         00000
___lwdiv                   text9         01BC0
___lwdiv@counter           cstackCOMRAM  00007
___lwdiv@dividend          cstackCOMRAM  00001
___lwdiv@divisor           cstackCOMRAM  00003
___lwdiv@quotient          cstackCOMRAM  00005
___lwmod                   text8         01CC8
___lwmod@counter           cstackCOMRAM  0000C
___lwmod@dividend          cstackCOMRAM  00008
___lwmod@divisor           cstackCOMRAM  0000A
___param_bank              (abs)         00010
___rparam_used             (abs)         00001
___sp                      stack         00000
___wmul                    text7         01E1E
___wmul@multiplicand       cstackCOMRAM  00003
___wmul@multiplier         cstackCOMRAM  00001
___wmul@product            cstackCOMRAM  00005
__accesstop                (abs)         00060
__activetblptr             (abs)         00002
__delay_s                  text13        01C1C
__delay_s@index            cstackCOMRAM  0000E
__delay_s@it               cstackCOMRAM  0000C
__delay_s@millis           cstackCOMRAM  00009
__end_of_Delay100TCYx      text24        01EDA
__end_of_Delay1KTCYx       text20        01EC8
__end_of_LCD_INIT_STRING   smallconst    00F0F
__end_of_RtccWrOn          text29        01EEC
__end_of_RtccWriteDate     text28        01712
__end_of_RtccWriteTime     text27        0181E
__end_of_Setup             text18        01DA8
__end_of_Write_RTC         text25        015CC
__end_of___awdiv           text26        01972
__end_of___lwdiv           text9         01C1C
__end_of___lwmod           text8         01D14
__end_of___wmul            text7         01E46
__end_of__delay_s          text13        01C74
__end_of__initialization   cinit         01DE2
__end_of_caratula          text17        01F10
__end_of_clear             text16        01EA2
__end_of_clear_keyboard    text15        01F16
__end_of_dpowers           smallconst    00F0B
__end_of_isdigit           text6         01E8C
__end_of_lcd_comand        text21        01F08
__end_of_lcd_gotoxy        text12        01E6A
__end_of_lcd_init          text19        019F2
__end_of_lcd_putc          text11        01D60
__end_of_lcd_putrs         text10        01CC8
__end_of_lcd_send_byte     text22        01E1E
__end_of_lcd_send_nibble   text23        01B62
__end_of_lcd_setcursor_vb  text14        01EB6
__end_of_main              text0         01AEC
__end_of_read_keyboard     text4         01220
__end_of_set_vision        text1         018DC
__end_of_sprintf           text5         01484
__end_of_twinkle           text3         01BC0
__end_of_write_Date        text2         01A70
__initialization           cinit         01DA8
__mediumconst              mediumconst   00000
__pbitbssCOMRAM            bitbssCOMRAM  002F8
__pbssBANK0                bssBANK0      00060
__pbssCOMRAM               bssCOMRAM     0002B
__pcinit                   cinit         01DA8
__pcstackCOMRAM            cstackCOMRAM  00001
__pdataCOMRAM              dataCOMRAM    00045
__pidataCOMRAM             idataCOMRAM   01EEC
__pnvBANK0                 nvBANK0       0008C
__pnvCOMRAM                nvCOMRAM      00053
__psmallconst              smallconst    00F00
__ptext0                   text0         01A70
__ptext1                   text1         0181E
__ptext10                  text10        01C74
__ptext11                  text11        01D14
__ptext12                  text12        01E46
__ptext13                  text13        01C1C
__ptext14                  text14        01EA2
__ptext15                  text15        01F10
__ptext16                  text16        01E8C
__ptext17                  text17        01F08
__ptext18                  text18        01D60
__ptext19                  text19        01972
__ptext2                   text2         019F2
__ptext20                  text20        01EB6
__ptext21                  text21        01EFA
__ptext22                  text22        01DEC
__ptext23                  text23        01AEC
__ptext24                  text24        01EC8
__ptext25                  text25        01484
__ptext26                  text26        018DC
__ptext27                  text27        01712
__ptext28                  text28        015CC
__ptext29                  text29        01EDA
__ptext3                   text3         01B62
__ptext4                   text4         00F8A
__ptext5                   text5         01220
__ptext6                   text6         01E6A
__ptext7                   text7         01E1E
__ptext8                   text8         01CC8
__ptext9                   text9         01BC0
__ramtop                   ramtop        00F00
__size_of_Delay100TCYx     (abs)         00000
__size_of_Delay1KTCYx      (abs)         00000
__size_of_RtccWrOn         (abs)         00000
__size_of_RtccWriteDate    (abs)         00000
__size_of_RtccWriteTime    (abs)         00000
__size_of_Setup            (abs)         00000
__size_of_Write_RTC        (abs)         00000
__size_of___awdiv          (abs)         00000
__size_of___lwdiv          (abs)         00000
__size_of___lwmod          (abs)         00000
__size_of___wmul           (abs)         00000
__size_of__delay_s         (abs)         00000
__size_of_caratula         (abs)         00000
__size_of_clear            (abs)         00000
__size_of_clear_keyboard   (abs)         00000
__size_of_isdigit          (abs)         00000
__size_of_lcd_comand       (abs)         00000
__size_of_lcd_gotoxy       (abs)         00000
__size_of_lcd_init         (abs)         00000
__size_of_lcd_putc         (abs)         00000
__size_of_lcd_putrs        (abs)         00000
__size_of_lcd_send_byte    (abs)         00000
__size_of_lcd_send_nibble  (abs)         00000
__size_of_lcd_setcursor_vb (abs)         00000
__size_of_main             (abs)         00000
__size_of_read_keyboard    (abs)         00000
__size_of_set_vision       (abs)         00000
__size_of_sprintf          (abs)         00000
__size_of_twinkle          (abs)         00000
__size_of_write_Date       (abs)         00000
__smallconst               smallconst    00F00
_a                         bssCOMRAM     0002F
_anio                      dataCOMRAM    00045
_anio_d                    nvCOMRAM      00053
_anio_u                    nvCOMRAM      00054
_b                         bssCOMRAM     00031
_buffer2                   bssBANK0      00078
_c                         bssCOMRAM     00033
_caratula                  text17        01F08
_clear                     text16        01E8C
_clear_keyboard            text15        01F10
_dia                       dataCOMRAM    00047
_dia_semana                nvBANK0       0008C
_diasem                    dataCOMRAM    00049
_dpowers                   smallconst    00F01
_fecha_d                   nvCOMRAM      00055
_fecha_u                   nvCOMRAM      00056
_flag                      bitbssCOMRAM  002F8
_hora                      dataCOMRAM    0004B
_hora_d                    nvCOMRAM      00057
_hora_u                    nvCOMRAM      00058
_i                         bssCOMRAM     00035
_isdigit                   text6         01E6A
_isdigit$2329              cstackCOMRAM  00002
_j                         bssCOMRAM     00037
_k                         bssCOMRAM     00039
_key                       dataCOMRAM    00051
_lcd_comand                text21        01EFA
_lcd_gotoxy                text12        01E46
_lcd_init                  text19        01972
_lcd_putc                  text11        01D14
_lcd_putrs                 text10        01C74
_lcd_send_byte             text22        01DEC
_lcd_send_nibble           text23        01AEC
_lcd_setcursor_vb          text14        01EA2
_main                      text0         01A70
_mes                       dataCOMRAM    0004D
_mes_d                     nvCOMRAM      00059
_mes_u                     nvCOMRAM      0005A
_minuto                    dataCOMRAM    0004F
_minuto_d                  nvCOMRAM      0005B
_minuto_u                  nvCOMRAM      0005C
_read_keyboard             text4         00F8A
_segundo                   bssCOMRAM     0003B
_segundo_d                 nvCOMRAM      0005D
_segundo_u                 nvCOMRAM      0005E
_set_vision                text1         0181E
_sprintf                   text5         01220
_state_alarm               dataCOMRAM    00052
_twinkle                   text3         01B62
_write_Date                text2         019F2
end_of_initialization      cinit         01DE2
intlevel0                  text          00000
intlevel1                  text          00000
intlevel2                  text          00000
intlevel3                  text          00000
isdigit@c                  cstackCOMRAM  00003
lcd_comand@d               cstackCOMRAM  00005
lcd_gotoxy@address         cstackCOMRAM  00007
lcd_gotoxy@x               cstackCOMRAM  00006
lcd_gotoxy@y               cstackCOMRAM  00005
lcd_init@i                 cstackCOMRAM  00005
lcd_putc@c                 cstackCOMRAM  00008
lcd_putrs@ptr              cstackCOMRAM  00009
lcd_send_byte@address      cstackCOMRAM  00004
lcd_send_byte@n            cstackCOMRAM  00003
lcd_send_nibble@nibble     cstackCOMRAM  00002
lcd_setcursor_vb@blink     cstackCOMRAM  00005
lcd_setcursor_vb@visible   cstackCOMRAM  00006
main@input                 cstackCOMRAM  0002A
set_vision@digit           cstackCOMRAM  00027
sprintf@ap                 cstackCOMRAM  0001B
sprintf@c                  cstackCOMRAM  00023
sprintf@f                  cstackCOMRAM  0000F
sprintf@flag               cstackCOMRAM  0001D
sprintf@prec               cstackCOMRAM  00020
sprintf@sp                 cstackCOMRAM  0000D
sprintf@val                cstackCOMRAM  0001E
sprintf@width              cstackCOMRAM  00021
stackhi                    (abs)         00EBF
stacklo                    (abs)         0008D
start                      init          00000
start_initialization       cinit         01DA8
twinkle@input              cstackCOMRAM  00025


FUNCTION INFORMATION:

 *************** function _main *****************
 Defined at:
		line 87 in file "main.c"
 Parameters:    Size  Location     Type
		None
 Auto vars:     Size  Location     Type
  input           1   41[COMRAM] unsigned char 
 Return value:  Size  Location     Type
                  2   52[None  ] int 
 Registers used:
		wreg, fsr0l, fsr0h, fsr2l, fsr2h, status,2, status,0, tblptrl, tblptrh, tblptru, prodl, prodh, cstack
 Tracked objects:
		On entry : 
		On exit  : 
		Unchanged: 
 Data sizes:     COMRAM   BANK0   BANK1   BANK2   BANK3   BANK4   BANK5   BANK6   BANK7   BANK8   BANK9  BANK10  BANK11  BANK12  BANK13  BANK14
      Params:         0       0       0       0       0       0       0       0       0       0       0       0       0       0       0       0
      Locals:         1       0       0       0       0       0       0       0       0       0       0       0       0       0       0       0
      Temps:          1       0       0       0       0       0       0       0       0       0       0       0       0       0       0       0
      Totals:         2       0       0       0       0       0       0       0       0       0       0       0       0       0       0       0
Total ram usage:        2 bytes
 Hardware stack levels required when called:    8
 This function calls:
		_Setup
		_caratula
		_lcd_gotoxy
		_lcd_putrs
		_read_keyboard
		_set_vision
 This function is called by:
		Startup code after reset
 This function uses a non-reentrant model


 *************** function _set_vision *****************
 Defined at:
		line 45 in file "lcd_vision.c"
 Parameters:    Size  Location     Type
		None
 Auto vars:     Size  Location     Type
  digit           2   38[COMRAM] short 
 Return value:  Size  Location     Type
		None               void
 Registers used:
		wreg, fsr0l, fsr0h, fsr2l, fsr2h, status,2, status,0, tblptrl, tblptrh, tblptru, prodl, prodh, cstack
 Tracked objects:
		On entry : 
		On exit  : 
		Unchanged: 
 Data sizes:     COMRAM   BANK0   BANK1   BANK2   BANK3   BANK4   BANK5   BANK6   BANK7   BANK8   BANK9  BANK10  BANK11  BANK12  BANK13  BANK14
      Params:         0       0       0       0       0       0       0       0       0       0       0       0       0       0       0       0
      Locals:         2       0       0       0       0       0       0       0       0       0       0       0       0       0       0       0
      Temps:          1       0       0       0       0       0       0       0       0       0       0       0       0       0       0       0
      Totals:         3       0       0       0       0       0       0       0       0       0       0       0       0       0       0       0
Total ram usage:        3 bytes
 Hardware stack levels used:    1
 Hardware stack levels required when called:    7
 This function calls:
		_clear
		_clear_keyboard
		_lcd_gotoxy
		_lcd_putrs
		_lcd_setcursor_vb
		_read_keyboard
		_twinkle
		_write_Date
 This function is called by:
		_main
 This function uses a non-reentrant model


 *************** function _write_Date *****************
 Defined at:
		line 10 in file "lcd_vision.c"
 Parameters:    Size  Location     Type
		None
 Auto vars:     Size  Location     Type
		None
 Return value:  Size  Location     Type
		None               void
 Registers used:
		wreg, fsr0l, fsr0h, fsr2l, fsr2h, status,2, status,0, tblptrl, tblptrh, tblptru, prodl, prodh, cstack
 Tracked objects:
		On entry : 
		On exit  : 
		Unchanged: 
 Data sizes:     COMRAM   BANK0   BANK1   BANK2   BANK3   BANK4   BANK5   BANK6   BANK7   BANK8   BANK9  BANK10  BANK11  BANK12  BANK13  BANK14
      Params:         0       0       0       0       0       0       0       0       0       0       0       0       0       0       0       0
      Locals:         0       0       0       0       0       0       0       0       0       0       0       0       0       0       0       0
      Temps:          0       0       0       0       0       0       0       0       0       0       0       0       0       0       0       0
      Totals:         0       0       0       0       0       0       0       0       0       0       0       0       0       0       0       0
Total ram usage:        0 bytes
 Hardware stack levels used:    1
 Hardware stack levels required when called:    5
 This function calls:
		_lcd_gotoxy
		_lcd_putrs
		_sprintf
 This function is called by:
		_set_vision
 This function uses a non-reentrant model


 *************** function _twinkle *****************
 Defined at:
		line 28 in file "lcd_vision.c"
 Parameters:    Size  Location     Type
		None
 Auto vars:     Size  Location     Type
  input           1   36[COMRAM] unsigned char 
 Return value:  Size  Location     Type
		None               void
 Registers used:
		wreg, fsr0l, fsr0h, fsr2l, fsr2h, status,2, status,0, tblptrl, tblptrh, tblptru, prodl, prodh, cstack
 Tracked objects:
		On entry : 
		On exit  : 
		Unchanged: 
 Data sizes:     COMRAM   BANK0   BANK1   BANK2   BANK3   BANK4   BANK5   BANK6   BANK7   BANK8   BANK9  BANK10  BANK11  BANK12  BANK13  BANK14
      Params:         0       0       0       0       0       0       0       0       0       0       0       0       0       0       0       0
      Locals:         1       0       0       0       0       0       0       0       0       0       0       0       0       0       0       0
      Temps:          0       0       0       0       0       0       0       0       0       0       0       0       0       0       0       0
      Totals:         1       0       0       0       0       0       0       0       0       0       0       0       0       0       0       0
Total ram usage:        1 bytes
 Hardware stack levels used:    1
 Hardware stack levels required when called:    6
 This function calls:
		__delay_s
		_lcd_gotoxy
		_lcd_putrs
		_read_keyboard
 This function is called by:
		_set_vision
 This function uses a non-reentrant model


 *************** function _read_keyboard *****************
 Defined at:
		line 8 in file "keyboard.c"
 Parameters:    Size  Location     Type
		None
 Auto vars:     Size  Location     Type
		None
 Return value:  Size  Location     Type
                  1    wreg      unsigned char 
 Registers used:
		wreg, fsr0l, fsr0h, fsr2l, fsr2h, status,2, status,0, tblptrl, tblptrh, tblptru, prodl, prodh, cstack
 Tracked objects:
		On entry : 
		On exit  : 
		Unchanged: 
 Data sizes:     COMRAM   BANK0   BANK1   BANK2   BANK3   BANK4   BANK5   BANK6   BANK7   BANK8   BANK9  BANK10  BANK11  BANK12  BANK13  BANK14
      Params:         0       0       0       0       0       0       0       0       0       0       0       0       0       0       0       0
      Locals:         0       0       0       0       0       0       0       0       0       0       0       0       0       0       0       0
      Temps:          1       0       0       0       0       0       0       0       0       0       0       0       0       0       0       0
      Totals:         1       0       0       0       0       0       0       0       0       0       0       0       0       0       0       0
Total ram usage:        1 bytes
 Hardware stack levels used:    1
 Hardware stack levels required when called:    5
 This function calls:
		_lcd_putrs
		_sprintf
 This function is called by:
		_main
		_twinkle
		_set_vision
 This function uses a non-reentrant model


 *************** function _sprintf *****************
 Defined at:
		line 492 in file "C:\Program Files\Microchip\xc8\v1.34\sources\common\doprnt.c"
 Parameters:    Size  Location     Type
  sp              2   12[COMRAM] PTR unsigned char 
		 -> buffer2(20), 
  f               2   14[COMRAM] PTR const unsigned char 
		 -> STR_15(10), STR_14(15), STR_13(5), STR_12(5), 
		 -> STR_11(5), STR_10(5), STR_9(5), STR_8(5), 
		 -> STR_7(5), STR_6(5), STR_5(5), STR_4(5), 
 Auto vars:     Size  Location     Type
  tmpval          4    0        struct .
  cp              3    0        PTR const unsigned char 
  width           2   32[COMRAM] int 
  val             2   29[COMRAM] unsigned int 
  ap              2   26[COMRAM] PTR void [1]
		 -> ?_sprintf(2), 
  len             2    0        unsigned int 
  c               1   34[COMRAM] char 
  prec            1   31[COMRAM] char 
  flag            1   28[COMRAM] unsigned char 
 Return value:  Size  Location     Type
                  2   12[COMRAM] int 
 Registers used:
		wreg, fsr2l, fsr2h, status,2, status,0, tblptrl, tblptrh, tblptru, prodl, prodh, cstack
 Tracked objects:
		On entry : 
		On exit  : 
		Unchanged: 
 Data sizes:     COMRAM   BANK0   BANK1   BANK2   BANK3   BANK4   BANK5   BANK6   BANK7   BANK8   BANK9  BANK10  BANK11  BANK12  BANK13  BANK14
      Params:        10       0       0       0       0       0       0       0       0       0       0       0       0       0       0       0
      Locals:         9       0       0       0       0       0       0       0       0       0       0       0       0       0       0       0
      Temps:          4       0       0       0       0       0       0       0       0       0       0       0       0       0       0       0
      Totals:        23       0       0       0       0       0       0       0       0       0       0       0       0       0       0       0
Total ram usage:       23 bytes
 Hardware stack levels used:    1
 Hardware stack levels required when called:    1
 This function calls:
		___lwdiv
		___lwmod
		___wmul
		_isdigit
 This function is called by:
		_read_keyboard
		_write_Date
 This function uses a non-reentrant model


 *************** function _isdigit *****************
 Defined at:
		line 8 in file "C:\Program Files\Microchip\xc8\v1.34\sources\common\isdigit.c"
 Parameters:    Size  Location     Type
  c               1    wreg     unsigned char 
 Auto vars:     Size  Location     Type
  c               1    2[COMRAM] unsigned char 
 Return value:  Size  Location     Type
		None               void
 Registers used:
		wreg, status,2, status,0
 Tracked objects:
		On entry : 
		On exit  : 
		Unchanged: 
 Data sizes:     COMRAM   BANK0   BANK1   BANK2   BANK3   BANK4   BANK5   BANK6   BANK7   BANK8   BANK9  BANK10  BANK11  BANK12  BANK13  BANK14
      Params:         0       0       0       0       0       0       0       0       0       0       0       0       0       0       0       0
      Locals:         2       0       0       0       0       0       0       0       0       0       0       0       0       0       0       0
      Temps:          1       0       0       0       0       0       0       0       0       0       0       0       0       0       0       0
      Totals:         3       0       0       0       0       0       0       0       0       0       0       0       0       0       0       0
Total ram usage:        3 bytes
 Hardware stack levels used:    1
 This function calls:
		Nothing
 This function is called by:
		_sprintf
 This function uses a non-reentrant model


 *************** function ___wmul *****************
 Defined at:
		line 15 in file "C:\Program Files\Microchip\xc8\v1.34\sources\common\Umul16.c"
 Parameters:    Size  Location     Type
  multiplier      2    0[COMRAM] unsigned int 
  multiplicand    2    2[COMRAM] unsigned int 
 Auto vars:     Size  Location     Type
  product         2    4[COMRAM] unsigned int 
 Return value:  Size  Location     Type
                  2    0[COMRAM] unsigned int 
 Registers used:
		wreg, status,2, status,0, prodl, prodh
 Tracked objects:
		On entry : 
		On exit  : 
		Unchanged: 
 Data sizes:     COMRAM   BANK0   BANK1   BANK2   BANK3   BANK4   BANK5   BANK6   BANK7   BANK8   BANK9  BANK10  BANK11  BANK12  BANK13  BANK14
      Params:         4       0       0       0       0       0       0       0       0       0       0       0       0       0       0       0
      Locals:         2       0       0       0       0       0       0       0       0       0       0       0       0       0       0       0
      Temps:          0       0       0       0       0       0       0       0       0       0       0       0       0       0       0       0
      Totals:         6       0       0       0       0       0       0       0       0       0       0       0       0       0       0       0
Total ram usage:        6 bytes
 Hardware stack levels used:    1
 This function calls:
		Nothing
 This function is called by:
		_sprintf
 This function uses a non-reentrant model


 *************** function ___lwmod *****************
 Defined at:
		line 8 in file "C:\Program Files\Microchip\xc8\v1.34\sources\common\lwmod.c"
 Parameters:    Size  Location     Type
  dividend        2    7[COMRAM] unsigned int 
  divisor         2    9[COMRAM] unsigned int 
 Auto vars:     Size  Location     Type
  counter         1   11[COMRAM] unsigned char 
 Return value:  Size  Location     Type
                  2    7[COMRAM] unsigned int 
 Registers used:
		wreg, status,2, status,0
 Tracked objects:
		On entry : 
		On exit  : 
		Unchanged: 
 Data sizes:     COMRAM   BANK0   BANK1   BANK2   BANK3   BANK4   BANK5   BANK6   BANK7   BANK8   BANK9  BANK10  BANK11  BANK12  BANK13  BANK14
      Params:         4       0       0       0       0       0       0       0       0       0       0       0       0       0       0       0
      Locals:         1       0       0       0       0       0       0       0       0       0       0       0       0       0       0       0
      Temps:          0       0       0       0       0       0       0       0       0       0       0       0       0       0       0       0
      Totals:         5       0       0       0       0       0       0       0       0       0       0       0       0       0       0       0
Total ram usage:        5 bytes
 Hardware stack levels used:    1
 This function calls:
		Nothing
 This function is called by:
		_sprintf
 This function uses a non-reentrant model


 *************** function ___lwdiv *****************
 Defined at:
		line 8 in file "C:\Program Files\Microchip\xc8\v1.34\sources\common\lwdiv.c"
 Parameters:    Size  Location     Type
  dividend        2    0[COMRAM] unsigned int 
  divisor         2    2[COMRAM] unsigned int 
 Auto vars:     Size  Location     Type
  quotient        2    4[COMRAM] unsigned int 
  counter         1    6[COMRAM] unsigned char 
 Return value:  Size  Location     Type
                  2    0[COMRAM] unsigned int 
 Registers used:
		wreg, status,2, status,0
 Tracked objects:
		On entry : 
		On exit  : 
		Unchanged: 
 Data sizes:     COMRAM   BANK0   BANK1   BANK2   BANK3   BANK4   BANK5   BANK6   BANK7   BANK8   BANK9  BANK10  BANK11  BANK12  BANK13  BANK14
      Params:         4       0       0       0       0       0       0       0       0       0       0       0       0       0       0       0
      Locals:         3       0       0       0       0       0       0       0       0       0       0       0       0       0       0       0
      Temps:          0       0       0       0       0       0       0       0       0       0       0       0       0       0       0       0
      Totals:         7       0       0       0       0       0       0       0       0       0       0       0       0       0       0       0
Total ram usage:        7 bytes
 Hardware stack levels used:    1
 This function calls:
		Nothing
 This function is called by:
		_sprintf
 This function uses a non-reentrant model


 *************** function _lcd_putrs *****************
 Defined at:
		line 221 in file "C:/Archivos de programa/Unimic/unmc_01/sources/unmc_lcd_216.c"
 Parameters:    Size  Location     Type
  ptr             2    8[COMRAM] PTR const unsigned char 
		 -> STR_21(8), STR_20(10), STR_19(4), STR_18(3), 
		 -> STR_17(11), STR_16(11), buffer2(20), STR_3(10), 
		 -> STR_2(13), STR_1(33), 
 Auto vars:     Size  Location     Type
		None
 Return value:  Size  Location     Type
		None               void
 Registers used:
		wreg, fsr0l, fsr0h, status,2, status,0, tblptrl, tblptrh, tblptru, cstack
 Tracked objects:
		On entry : 
		On exit  : 
		Unchanged: 
 Data sizes:     COMRAM   BANK0   BANK1   BANK2   BANK3   BANK4   BANK5   BANK6   BANK7   BANK8   BANK9  BANK10  BANK11  BANK12  BANK13  BANK14
      Params:         2       0       0       0       0       0       0       0       0       0       0       0       0       0       0       0
      Locals:         0       0       0       0       0       0       0       0       0       0       0       0       0       0       0       0
      Temps:          0       0       0       0       0       0       0       0       0       0       0       0       0       0       0       0
      Totals:         2       0       0       0       0       0       0       0       0       0       0       0       0       0       0       0
Total ram usage:        2 bytes
 Hardware stack levels used:    1
 Hardware stack levels required when called:    4
 This function calls:
		_lcd_putc
 This function is called by:
		_main
		_read_keyboard
		_write_Date
		_twinkle
		_set_vision
 This function uses a non-reentrant model


 *************** function _lcd_putc *****************
 Defined at:
		line 172 in file "C:/Archivos de programa/Unimic/unmc_01/sources/unmc_lcd_216.c"
 Parameters:    Size  Location     Type
  c               1    wreg     unsigned char 
 Auto vars:     Size  Location     Type
  c               1    7[COMRAM] unsigned char 
 Return value:  Size  Location     Type
		None               void
 Registers used:
		wreg, status,2, status,0, cstack
 Tracked objects:
		On entry : 
		On exit  : 
		Unchanged: 
 Data sizes:     COMRAM   BANK0   BANK1   BANK2   BANK3   BANK4   BANK5   BANK6   BANK7   BANK8   BANK9  BANK10  BANK11  BANK12  BANK13  BANK14
      Params:         0       0       0       0       0       0       0       0       0       0       0       0       0       0       0       0
      Locals:         1       0       0       0       0       0       0       0       0       0       0       0       0       0       0       0
      Temps:          0       0       0       0       0       0       0       0       0       0       0       0       0       0       0       0
      Totals:         1       0       0       0       0       0       0       0       0       0       0       0       0       0       0       0
Total ram usage:        1 bytes
 Hardware stack levels used:    1
 Hardware stack levels required when called:    3
 This function calls:
		_lcd_gotoxy
		_lcd_send_byte
 This function is called by:
		_lcd_putrs
		_lcd_puts
 This function uses a non-reentrant model


 *************** function _lcd_gotoxy *****************
 Defined at:
		line 158 in file "C:/Archivos de programa/Unimic/unmc_01/sources/unmc_lcd_216.c"
 Parameters:    Size  Location     Type
  x               1    wreg     unsigned char 
  y               1    4[COMRAM] unsigned char 
 Auto vars:     Size  Location     Type
  x               1    5[COMRAM] unsigned char 
  address         1    6[COMRAM] unsigned char 
 Return value:  Size  Location     Type
		None               void
 Registers used:
		wreg, status,2, status,0, cstack
 Tracked objects:
		On entry : 
		On exit  : 
		Unchanged: 
 Data sizes:     COMRAM   BANK0   BANK1   BANK2   BANK3   BANK4   BANK5   BANK6   BANK7   BANK8   BANK9  BANK10  BANK11  BANK12  BANK13  BANK14
      Params:         1       0       0       0       0       0       0       0       0       0       0       0       0       0       0       0
      Locals:         2       0       0       0       0       0       0       0       0       0       0       0       0       0       0       0
      Temps:          0       0       0       0       0       0       0       0       0       0       0       0       0       0       0       0
      Totals:         3       0       0       0       0       0       0       0       0       0       0       0       0       0       0       0
Total ram usage:        3 bytes
 Hardware stack levels used:    1
 Hardware stack levels required when called:    2
 This function calls:
		_lcd_send_byte
 This function is called by:
		_main
		_lcd_putc
		_write_Date
		_twinkle
		_set_vision
 This function uses a non-reentrant model


 *************** function __delay_s *****************
 Defined at:
		line 19 in file "lcd_vision.c"
 Parameters:    Size  Location     Type
  millis          2    8[COMRAM] int 
 Auto vars:     Size  Location     Type
  index           2   13[COMRAM] short 
  it              2   11[COMRAM] short 
 Return value:  Size  Location     Type
		None               void
 Registers used:
		wreg, status,2, status,0, cstack
 Tracked objects:
		On entry : 
		On exit  : 
		Unchanged: 
 Data sizes:     COMRAM   BANK0   BANK1   BANK2   BANK3   BANK4   BANK5   BANK6   BANK7   BANK8   BANK9  BANK10  BANK11  BANK12  BANK13  BANK14
      Params:         2       0       0       0       0       0       0       0       0       0       0       0       0       0       0       0
      Locals:         4       0       0       0       0       0       0       0       0       0       0       0       0       0       0       0
      Temps:          1       0       0       0       0       0       0       0       0       0       0       0       0       0       0       0
      Totals:         7       0       0       0       0       0       0       0       0       0       0       0       0       0       0       0
Total ram usage:        7 bytes
 Hardware stack levels used:    1
 Hardware stack levels required when called:    1
 This function calls:
		___awdiv
 This function is called by:
		_twinkle
 This function uses a non-reentrant model


 *************** function _lcd_setcursor_vb *****************
 Defined at:
		line 210 in file "C:/Archivos de programa/Unimic/unmc_01/sources/unmc_lcd_216.c"
 Parameters:    Size  Location     Type
  visible         1    wreg     unsigned char 
  blink           1    4[COMRAM] unsigned char 
 Auto vars:     Size  Location     Type
  visible         1    5[COMRAM] unsigned char 
 Return value:  Size  Location     Type
		None               void
 Registers used:
		wreg, status,2, status,0, cstack
 Tracked objects:
		On entry : 
		On exit  : 
		Unchanged: 
 Data sizes:     COMRAM   BANK0   BANK1   BANK2   BANK3   BANK4   BANK5   BANK6   BANK7   BANK8   BANK9  BANK10  BANK11  BANK12  BANK13  BANK14
      Params:         1       0       0       0       0       0       0       0       0       0       0       0       0       0       0       0
      Locals:         1       0       0       0       0       0       0       0       0       0       0       0       0       0       0       0
      Temps:          0       0       0       0       0       0       0       0       0       0       0       0       0       0       0       0
      Totals:         2       0       0       0       0       0       0       0       0       0       0       0       0       0       0       0
Total ram usage:        2 bytes
 Hardware stack levels used:    1
 Hardware stack levels required when called:    2
 This function calls:
		_lcd_send_byte
 This function is called by:
		_set_vision
		_jumpIfNotNumber
 This function uses a non-reentrant model


 *************** function _clear_keyboard *****************
 Defined at:
		line 4 in file "keyboard.c"
 Parameters:    Size  Location     Type
		None
 Auto vars:     Size  Location     Type
		None
 Return value:  Size  Location     Type
		None               void
 Registers used:
		wreg, status,2
 Tracked objects:
		On entry : 
		On exit  : 
		Unchanged: 
 Data sizes:     COMRAM   BANK0   BANK1   BANK2   BANK3   BANK4   BANK5   BANK6   BANK7   BANK8   BANK9  BANK10  BANK11  BANK12  BANK13  BANK14
      Params:         0       0       0       0       0       0       0       0       0       0       0       0       0       0       0       0
      Locals:         0       0       0       0       0       0       0       0       0       0       0       0       0       0       0       0
      Temps:          0       0       0       0       0       0       0       0       0       0       0       0       0       0       0       0
      Totals:         0       0       0       0       0       0       0       0       0       0       0       0       0       0       0       0
Total ram usage:        0 bytes
 Hardware stack levels used:    1
 This function calls:
		Nothing
 This function is called by:
		_set_vision
 This function uses a non-reentrant model


 *************** function _clear *****************
 Defined at:
		line 5 in file "lcd_vision.c"
 Parameters:    Size  Location     Type
		None
 Auto vars:     Size  Location     Type
		None
 Return value:  Size  Location     Type
		None               void
 Registers used:
		wreg, status,2, status,0, cstack
 Tracked objects:
		On entry : 
		On exit  : 
		Unchanged: 
 Data sizes:     COMRAM   BANK0   BANK1   BANK2   BANK3   BANK4   BANK5   BANK6   BANK7   BANK8   BANK9  BANK10  BANK11  BANK12  BANK13  BANK14
      Params:         0       0       0       0       0       0       0       0       0       0       0       0       0       0       0       0
      Locals:         0       0       0       0       0       0       0       0       0       0       0       0       0       0       0       0
      Temps:          1       0       0       0       0       0       0       0       0       0       0       0       0       0       0       0
      Totals:         1       0       0       0       0       0       0       0       0       0       0       0       0       0       0       0
Total ram usage:        1 bytes
 Hardware stack levels used:    1
 Hardware stack levels required when called:    3
 This function calls:
		_lcd_comand
 This function is called by:
		_set_vision
 This function uses a non-reentrant model


 *************** function _caratula *****************
 Defined at:
		line 31 in file "main.c"
 Parameters:    Size  Location     Type
		None
 Auto vars:     Size  Location     Type
		None
 Return value:  Size  Location     Type
		None               void
 Registers used:
		wreg, status,2, status,0, cstack
 Tracked objects:
		On entry : 
		On exit  : 
		Unchanged: 
 Data sizes:     COMRAM   BANK0   BANK1   BANK2   BANK3   BANK4   BANK5   BANK6   BANK7   BANK8   BANK9  BANK10  BANK11  BANK12  BANK13  BANK14
      Params:         0       0       0       0       0       0       0       0       0       0       0       0       0       0       0       0
      Locals:         0       0       0       0       0       0       0       0       0       0       0       0       0       0       0       0
      Temps:          0       0       0       0       0       0       0       0       0       0       0       0       0       0       0       0
      Totals:         0       0       0       0       0       0       0       0       0       0       0       0       0       0       0       0
Total ram usage:        0 bytes
 Hardware stack levels used:    1
 Hardware stack levels required when called:    3
 This function calls:
		_lcd_comand
 This function is called by:
		_main
 This function uses a non-reentrant model


 *************** function _Setup *****************
 Defined at:
		line 51 in file "main.c"
 Parameters:    Size  Location     Type
		None
 Auto vars:     Size  Location     Type
		None
 Return value:  Size  Location     Type
		None               void
 Registers used:
		wreg, fsr2l, fsr2h, status,2, status,0, tblptrl, tblptrh, tblptru, prodl, prodh, cstack
 Tracked objects:
		On entry : 
		On exit  : 
		Unchanged: 
 Data sizes:     COMRAM   BANK0   BANK1   BANK2   BANK3   BANK4   BANK5   BANK6   BANK7   BANK8   BANK9  BANK10  BANK11  BANK12  BANK13  BANK14
      Params:         0       0       0       0       0       0       0       0       0       0       0       0       0       0       0       0
      Locals:         0       0       0       0       0       0       0       0       0       0       0       0       0       0       0       0
      Temps:          0       0       0       0       0       0       0       0       0       0       0       0       0       0       0       0
      Totals:         0       0       0       0       0       0       0       0       0       0       0       0       0       0       0       0
Total ram usage:        0 bytes
 Hardware stack levels used:    1
 Hardware stack levels required when called:    3
 This function calls:
		_Write_RTC
		_lcd_comand
		_lcd_init
 This function is called by:
		_main
 This function uses a non-reentrant model


 *************** function _lcd_init *****************
 Defined at:
		line 119 in file "C:/Archivos de programa/Unimic/unmc_01/sources/unmc_lcd_216.c"
 Parameters:    Size  Location     Type
		None
 Auto vars:     Size  Location     Type
  i               1    4[COMRAM] unsigned char 
 Return value:  Size  Location     Type
		None               void
 Registers used:
		wreg, status,2, status,0, tblptrl, tblptrh, tblptru, prodl, prodh, cstack
 Tracked objects:
		On entry : 
		On exit  : 
		Unchanged: 
 Data sizes:     COMRAM   BANK0   BANK1   BANK2   BANK3   BANK4   BANK5   BANK6   BANK7   BANK8   BANK9  BANK10  BANK11  BANK12  BANK13  BANK14
      Params:         0       0       0       0       0       0       0       0       0       0       0       0       0       0       0       0
      Locals:         1       0       0       0       0       0       0       0       0       0       0       0       0       0       0       0
      Temps:          0       0       0       0       0       0       0       0       0       0       0       0       0       0       0       0
      Totals:         1       0       0       0       0       0       0       0       0       0       0       0       0       0       0       0
Total ram usage:        1 bytes
 Hardware stack levels used:    1
 Hardware stack levels required when called:    2
 This function calls:
		_Delay1KTCYx
		_lcd_send_byte
		_lcd_send_nibble
 This function is called by:
		_Setup
 This function uses a non-reentrant model


 *************** function _Delay1KTCYx *****************
 Defined at:
		line 8 in file "C:\Program Files\Microchip\xc8\v1.34\sources\pic18\d1ktcyx.c"
 Parameters:    Size  Location     Type
  unit            1    wreg     unsigned char 
 Auto vars:     Size  Location     Type
  unit            1    0[COMRAM] unsigned char 
 Return value:  Size  Location     Type
		None               void
 Registers used:
		wreg
 Tracked objects:
		On entry : 
		On exit  : 
		Unchanged: 
 Data sizes:     COMRAM   BANK0   BANK1   BANK2   BANK3   BANK4   BANK5   BANK6   BANK7   BANK8   BANK9  BANK10  BANK11  BANK12  BANK13  BANK14
      Params:         0       0       0       0       0       0       0       0       0       0       0       0       0       0       0       0
      Locals:         1       0       0       0       0       0       0       0       0       0       0       0       0       0       0       0
      Temps:          0       0       0       0       0       0       0       0       0       0       0       0       0       0       0       0
      Totals:         1       0       0       0       0       0       0       0       0       0       0       0       0       0       0       0
Total ram usage:        1 bytes
 Hardware stack levels used:    1
 This function calls:
		Nothing
 This function is called by:
		_lcd_init
		_DelayPORXLCD
 This function uses a non-reentrant model


 *************** function _lcd_comand *****************
 Defined at:
		line 189 in file "C:/Archivos de programa/Unimic/unmc_01/sources/unmc_lcd_216.c"
 Parameters:    Size  Location     Type
  d               1    wreg     unsigned char 
 Auto vars:     Size  Location     Type
  d               1    4[COMRAM] unsigned char 
 Return value:  Size  Location     Type
		None               void
 Registers used:
		wreg, status,2, status,0, cstack
 Tracked objects:
		On entry : 
		On exit  : 
		Unchanged: 
 Data sizes:     COMRAM   BANK0   BANK1   BANK2   BANK3   BANK4   BANK5   BANK6   BANK7   BANK8   BANK9  BANK10  BANK11  BANK12  BANK13  BANK14
      Params:         0       0       0       0       0       0       0       0       0       0       0       0       0       0       0       0
      Locals:         1       0       0       0       0       0       0       0       0       0       0       0       0       0       0       0
      Temps:          0       0       0       0       0       0       0       0       0       0       0       0       0       0       0       0
      Totals:         1       0       0       0       0       0       0       0       0       0       0       0       0       0       0       0
Total ram usage:        1 bytes
 Hardware stack levels used:    1
 Hardware stack levels required when called:    2
 This function calls:
		_lcd_send_byte
 This function is called by:
		_caratula
		_Setup
		_clear
 This function uses a non-reentrant model


 *************** function _lcd_send_byte *****************
 Defined at:
		line 86 in file "C:/Archivos de programa/Unimic/unmc_01/sources/unmc_lcd_216.c"
 Parameters:    Size  Location     Type
  address         1    wreg     unsigned char 
  n               1    2[COMRAM] unsigned char 
 Auto vars:     Size  Location     Type
  address         1    3[COMRAM] unsigned char 
 Return value:  Size  Location     Type
		None               void
 Registers used:
		wreg, status,2, status,0, cstack
 Tracked objects:
		On entry : 
		On exit  : 
		Unchanged: 
 Data sizes:     COMRAM   BANK0   BANK1   BANK2   BANK3   BANK4   BANK5   BANK6   BANK7   BANK8   BANK9  BANK10  BANK11  BANK12  BANK13  BANK14
      Params:         1       0       0       0       0       0       0       0       0       0       0       0       0       0       0       0
      Locals:         1       0       0       0       0       0       0       0       0       0       0       0       0       0       0       0
      Temps:          0       0       0       0       0       0       0       0       0       0       0       0       0       0       0       0
      Totals:         2       0       0       0       0       0       0       0       0       0       0       0       0       0       0       0
Total ram usage:        2 bytes
 Hardware stack levels used:    1
 Hardware stack levels required when called:    1
 This function calls:
		_Delay100TCYx
		_lcd_send_nibble
 This function is called by:
		_lcd_init
		_lcd_gotoxy
		_lcd_putc
		_lcd_comand
		_lcd_setcursor_vb
 This function uses a non-reentrant model


 *************** function _lcd_send_nibble *****************
 Defined at:
		line 25 in file "C:/Archivos de programa/Unimic/unmc_01/sources/unmc_lcd_216.c"
 Parameters:    Size  Location     Type
  nibble          1    wreg     unsigned char 
 Auto vars:     Size  Location     Type
  nibble          1    1[COMRAM] unsigned char 
 Return value:  Size  Location     Type
		None               void
 Registers used:
		wreg, status,2, status,0
 Tracked objects:
		On entry : 
		On exit  : 
		Unchanged: 
 Data sizes:     COMRAM   BANK0   BANK1   BANK2   BANK3   BANK4   BANK5   BANK6   BANK7   BANK8   BANK9  BANK10  BANK11  BANK12  BANK13  BANK14
      Params:         0       0       0       0       0       0       0       0       0       0       0       0       0       0       0       0
      Locals:         1       0       0       0       0       0       0       0       0       0       0       0       0       0       0       0
      Temps:          1       0       0       0       0       0       0       0       0       0       0       0       0       0       0       0
      Totals:         2       0       0       0       0       0       0       0       0       0       0       0       0       0       0       0
Total ram usage:        2 bytes
 Hardware stack levels used:    1
 This function calls:
		Nothing
 This function is called by:
		_lcd_send_byte
		_lcd_init
 This function uses a non-reentrant model


 *************** function _Delay100TCYx *****************
 Defined at:
		line 8 in file "C:\Program Files\Microchip\xc8\v1.34\sources\pic18\d100tcyx.c"
 Parameters:    Size  Location     Type
  unit            1    wreg     unsigned char 
 Auto vars:     Size  Location     Type
  unit            1    0[COMRAM] unsigned char 
 Return value:  Size  Location     Type
		None               void
 Registers used:
		wreg
 Tracked objects:
		On entry : 
		On exit  : 
		Unchanged: 
 Data sizes:     COMRAM   BANK0   BANK1   BANK2   BANK3   BANK4   BANK5   BANK6   BANK7   BANK8   BANK9  BANK10  BANK11  BANK12  BANK13  BANK14
      Params:         0       0       0       0       0       0       0       0       0       0       0       0       0       0       0       0
      Locals:         1       0       0       0       0       0       0       0       0       0       0       0       0       0       0       0
      Temps:          0       0       0       0       0       0       0       0       0       0       0       0       0       0       0       0
      Totals:         1       0       0       0       0       0       0       0       0       0       0       0       0       0       0       0
Total ram usage:        1 bytes
 Hardware stack levels used:    1
 This function calls:
		Nothing
 This function is called by:
		_lcd_send_byte
 This function uses a non-reentrant model


 *************** function _Write_RTC *****************
 Defined at:
		line 22 in file "../../Program Files/Unimic/unmc_01/sources/unmc_rtcc_01.c"
 Parameters:    Size  Location     Type
		None
 Auto vars:     Size  Location     Type
		None
 Return value:  Size  Location     Type
                  2   26[None  ] int 
 Registers used:
		wreg, fsr2l, fsr2h, status,2, status,0, prodl, prodh, cstack
 Tracked objects:
		On entry : 
		On exit  : 
		Unchanged: 
 Data sizes:     COMRAM   BANK0   BANK1   BANK2   BANK3   BANK4   BANK5   BANK6   BANK7   BANK8   BANK9  BANK10  BANK11  BANK12  BANK13  BANK14
      Params:         0       0       0       0       0       0       0       0       0       0       0       0       0       0       0       0
      Locals:         0       0       0       0       0       0       0       0       0       0       0       0       0       0       0       0
      Temps:          0       0       0       0       0       0       0       0       0       0       0       0       0       0       0       0
      Totals:         0       0       0       0       0       0       0       0       0       0       0       0       0       0       0       0
Total ram usage:        0 bytes
 Hardware stack levels used:    1
 Hardware stack levels required when called:    2
 This function calls:
		_RtccWrOn
		_RtccWriteDate
		_RtccWriteTime
		___awdiv
 This function is called by:
		_Setup
		_setClock
 This function uses a non-reentrant model


 *************** function ___awdiv *****************
 Defined at:
		line 8 in file "C:\Program Files\Microchip\xc8\v1.34\sources\common\awdiv.c"
 Parameters:    Size  Location     Type
  dividend        2    0[COMRAM] int 
  divisor         2    2[COMRAM] int 
 Auto vars:     Size  Location     Type
  quotient        2    6[COMRAM] int 
  sign            1    5[COMRAM] unsigned char 
  counter         1    4[COMRAM] unsigned char 
 Return value:  Size  Location     Type
                  2    0[COMRAM] int 
 Registers used:
		wreg, status,2, status,0
 Tracked objects:
		On entry : 
		On exit  : 
		Unchanged: 
 Data sizes:     COMRAM   BANK0   BANK1   BANK2   BANK3   BANK4   BANK5   BANK6   BANK7   BANK8   BANK9  BANK10  BANK11  BANK12  BANK13  BANK14
      Params:         4       0       0       0       0       0       0       0       0       0       0       0       0       0       0       0
      Locals:         4       0       0       0       0       0       0       0       0       0       0       0       0       0       0       0
      Temps:          0       0       0       0       0       0       0       0       0       0       0       0       0       0       0       0
      Totals:         8       0       0       0       0       0       0       0       0       0       0       0       0       0       0       0
Total ram usage:        8 bytes
 Hardware stack levels used:    1
 This function calls:
		Nothing
 This function is called by:
		_Write_RTC
		__delay_s
 This function uses a non-reentrant model


 *************** function _RtccWriteTime *****************
 Defined at:
		line 34 in file "C:\Program Files\Microchip\xc8\v1.34\sources\pic18\plib\rtcc\RtccWriteTime.c"
 Parameters:    Size  Location     Type
  pTm             2    0[COMRAM] PTR const struct .
		 -> RtccTime(4), 
  di              1    2[COMRAM] enum E7121
 Auto vars:     Size  Location     Type
  tempHourWDay    2    9[COMRAM] struct .
  tempMinSec      2    7[COMRAM] struct .
  wasWrEn         1    6[COMRAM] enum E7121
  wasAlrm         1    5[COMRAM] enum E7121
  wasOn           1    4[COMRAM] enum E7121
 Return value:  Size  Location     Type
                  1    wreg      enum E7121
 Registers used:
		wreg, fsr2l, fsr2h, status,2, status,0, cstack
 Tracked objects:
		On entry : 
		On exit  : 
		Unchanged: 
 Data sizes:     COMRAM   BANK0   BANK1   BANK2   BANK3   BANK4   BANK5   BANK6   BANK7   BANK8   BANK9  BANK10  BANK11  BANK12  BANK13  BANK14
      Params:         3       0       0       0       0       0       0       0       0       0       0       0       0       0       0       0
      Locals:         7       0       0       0       0       0       0       0       0       0       0       0       0       0       0       0
      Temps:          1       0       0       0       0       0       0       0       0       0       0       0       0       0       0       0
      Totals:        11       0       0       0       0       0       0       0       0       0       0       0       0       0       0       0
Total ram usage:       11 bytes
 Hardware stack levels used:    1
 Hardware stack levels required when called:    1
 This function calls:
		_RtccWrOn
 This function is called by:
		_Write_RTC
 This function uses a non-reentrant model


 *************** function _RtccWriteDate *****************
 Defined at:
		line 35 in file "C:\Program Files\Microchip\xc8\v1.34\sources\pic18\plib\rtcc\RtccWriteDate.c"
 Parameters:    Size  Location     Type
  pDt             2    0[COMRAM] PTR const struct .
		 -> RtccDate(4), 
  di              1    2[COMRAM] enum E7121
 Auto vars:     Size  Location     Type
  tempHourWDay    2   11[COMRAM] struct .
  tempDayMonth    2    9[COMRAM] struct .
  tempYear        2    6[COMRAM] struct .
  wasWrEn         1    8[COMRAM] enum E7121
  wasAlrm         1    5[COMRAM] enum E7121
  wasOn           1    4[COMRAM] enum E7121
 Return value:  Size  Location     Type
                  1    wreg      enum E7121
 Registers used:
		wreg, fsr2l, fsr2h, status,2, status,0, cstack
 Tracked objects:
		On entry : 
		On exit  : 
		Unchanged: 
 Data sizes:     COMRAM   BANK0   BANK1   BANK2   BANK3   BANK4   BANK5   BANK6   BANK7   BANK8   BANK9  BANK10  BANK11  BANK12  BANK13  BANK14
      Params:         3       0       0       0       0       0       0       0       0       0       0       0       0       0       0       0
      Locals:         9       0       0       0       0       0       0       0       0       0       0       0       0       0       0       0
      Temps:          1       0       0       0       0       0       0       0       0       0       0       0       0       0       0       0
      Totals:        13       0       0       0       0       0       0       0       0       0       0       0       0       0       0       0
Total ram usage:       13 bytes
 Hardware stack levels used:    1
 Hardware stack levels required when called:    1
 This function calls:
		_RtccWrOn
 This function is called by:
		_Write_RTC
 This function uses a non-reentrant model


 *************** function _RtccWrOn *****************
 Defined at:
		line 21 in file "C:\Program Files\Microchip\xc8\v1.34\sources\pic18\plib\rtcc\RtccWrOn.c"
 Parameters:    Size  Location     Type
		None
 Auto vars:     Size  Location     Type
  data            2    0        unsigned int 
 Return value:  Size  Location     Type
		None               void
 Registers used:
		wreg, status,2
 Tracked objects:
		On entry : 
		On exit  : 
		Unchanged: 
 Data sizes:     COMRAM   BANK0   BANK1   BANK2   BANK3   BANK4   BANK5   BANK6   BANK7   BANK8   BANK9  BANK10  BANK11  BANK12  BANK13  BANK14
      Params:         0       0       0       0       0       0       0       0       0       0       0       0       0       0       0       0
      Locals:         0       0       0       0       0       0       0       0       0       0       0       0       0       0       0       0
      Temps:          0       0       0       0       0       0       0       0       0       0       0       0       0       0       0       0
      Totals:         0       0       0       0       0       0       0       0       0       0       0       0       0       0       0       0
Total ram usage:        0 bytes
 Hardware stack levels used:    1
 This function calls:
		Nothing
 This function is called by:
		_Write_RTC
		_RtccWriteDate
		_RtccWriteTime
 This function uses a non-reentrant model



MODULE INFORMATION

Module		Function		Class		Link	Load	Size
C:\Program Files\Microchip\xc8\v1.34\sources\common\lwmod.c
		___lwmod       		CODE           	1CC8	0000	77

C:\Program Files\Microchip\xc8\v1.34\sources\common\lwmod.c estimated size: 77

../../Program Files/Unimic/unmc_01/sources/unmc_rtcc_01.c
		_Write_RTC     		CODE           	1484	0000	329

../../Program Files/Unimic/unmc_01/sources/unmc_rtcc_01.c estimated size: 329

C:\Program Files\Microchip\xc8\v1.34\sources\pic18\plib\rtcc\RtccWriteTime.c
		_RtccWriteTime 		CODE           	1712	0000	269

C:\Program Files\Microchip\xc8\v1.34\sources\pic18\plib\rtcc\RtccWriteTime.c estimated size: 269

C:\Program Files\Microchip\xc8\v1.34\sources\pic18\plib\rtcc\RtccWrOn.c
		_RtccWrOn      		CODE           	1EDA	0000	19

C:\Program Files\Microchip\xc8\v1.34\sources\pic18\plib\rtcc\RtccWrOn.c estimated size: 19

C:\Program Files\Microchip\xc8\v1.34\sources\common\doprnt.c
		_sprintf       		CODE           	1220	0000	613

C:\Program Files\Microchip\xc8\v1.34\sources\common\doprnt.c estimated size: 613

C:\Program Files\Microchip\xc8\v1.34\sources\common\lwdiv.c
		___lwdiv       		CODE           	1BC0	0000	93

C:\Program Files\Microchip\xc8\v1.34\sources\common\lwdiv.c estimated size: 93

C:\Program Files\Microchip\xc8\v1.34\sources\common\awdiv.c
		___awdiv       		CODE           	18DC	0000	151

C:\Program Files\Microchip\xc8\v1.34\sources\common\awdiv.c estimated size: 151

lcd_vision.c
		_write_Date    		CODE           	19F2	0000	127
		_set_vision    		CODE           	181E	0000	191
		__delay_s      		CODE           	1C1C	0000	89
		_clear         		CODE           	1E8C	0000	23
		_twinkle       		CODE           	1B62	0000	95

lcd_vision.c estimated size: 525

C:\Program Files\Microchip\xc8\v1.34\sources\common\Umul16.c
		___wmul        		CODE           	1E1E	0000	41

C:\Program Files\Microchip\xc8\v1.34\sources\common\Umul16.c estimated size: 41

shared
		_dpowers       		SMALLCONST     	0F01	0000	11
		_LCD_INIT_STRIN		SMALLCONST     	0F0B	0000	5
		__initializatio		CODE           	1DA8	0000	59

shared estimated size: 75

C:\Program Files\Microchip\xc8\v1.34\sources\pic18\d1ktcyx.c
		_Delay1KTCYx   		CODE           	1EB6	0000	19

C:\Program Files\Microchip\xc8\v1.34\sources\pic18\d1ktcyx.c estimated size: 19

C:\Program Files\Microchip\xc8\v1.34\sources\pic18\d100tcyx.c
		_Delay100TCYx  		CODE           	1EC8	0000	19

C:\Program Files\Microchip\xc8\v1.34\sources\pic18\d100tcyx.c estimated size: 19

C:\Program Files\Microchip\xc8\v1.34\sources\common\isdigit.c
		_isdigit       		CODE           	1E6A	0000	35

C:\Program Files\Microchip\xc8\v1.34\sources\common\isdigit.c estimated size: 35

C:\Program Files\Microchip\xc8\v1.34\sources\pic18\plib\rtcc\RtccWriteDate.c
		_RtccWriteDate 		CODE           	15CC	0000	327

C:\Program Files\Microchip\xc8\v1.34\sources\pic18\plib\rtcc\RtccWriteDate.c estimated size: 327

C:/Archivos de programa/Unimic/unmc_01/sources/unmc_lcd_216.c
		_lcd_comand    		CODE           	1EFA	0000	15
		_lcd_putc      		CODE           	1D14	0000	77
		_lcd_putrs     		CODE           	1C74	0000	85
		_lcd_send_byte 		CODE           	1DEC	0000	51
		_lcd_setcursor_		CODE           	1EA2	0000	21
		_lcd_gotoxy    		CODE           	1E46	0000	37
		_lcd_send_nibbl		CODE           	1AEC	0000	119
		_lcd_init      		CODE           	1972	0000	129

C:/Archivos de programa/Unimic/unmc_01/sources/unmc_lcd_216.c estimated size: 534

main.c
		_main          		CODE           	1A70	0000	125
		_Setup         		CODE           	1D60	0000	73
		_caratula      		CODE           	1F08	0000	9

main.c estimated size: 207

keyboard.c
		_read_keyboard 		CODE           	0F8A	0000	663
		_clear_keyboard		CODE           	1F10	0000	7

keyboard.c estimated size: 670

