Microchip MPLAB XC8 Compiler V1.34 ()

Linker command line:

--edf=C:\Program Files\Microchip\xc8\v1.34\dat\en_msgs.txt -cs \
  -h+dist/default/production\laboratorioTP.production.sym \
  --cmf=dist/default/production\laboratorioTP.production.cmf -z -Q18F26J50 \
  -oC:\Users\Matias\AppData\Local\Temp\s2dc.6 \
  -Mdist/default/production/laboratorioTP.production.map -E1 -ver=XC8 \
  -ASTACK=0E8h-0ebfh -pstack=STACK -ACODE=00h-0FFF7h -ACONST=00h-0FFF7h \
  -ASMALLCONST=0F00h-0FFFhx240,0FF00h-0FFF7h -AMEDIUMCONST=0F00h-0FFF7h \
  -ACOMRAM=01h-05Fh -AABS1=00h-0EBFh -ABIGRAM=01h-0EBFh \
  -ARAM=060h-0FFh,0100h-01FFhx13,0E00h-0EBFh -ABANK0=060h-0FFh \
  -ABANK1=0100h-01FFh -ABANK2=0200h-02FFh -ABANK3=0300h-03FFh \
  -ABANK4=0400h-04FFh -ABANK5=0500h-05FFh -ABANK6=0600h-06FFh \
  -ABANK7=0700h-07FFh -ABANK8=0800h-08FFh -ABANK9=0900h-09FFh \
  -ABANK10=0A00h-0AFFh -ABANK11=0B00h-0BFFh -ABANK12=0C00h-0CFFh \
  -ABANK13=0D00h-0DFFh -ABANK14=0E00h-0EBFh \
  -ASFR=0EC0h-0EFFh,0F00h-0F5Fh,0F60h-0FFFh \
  -preset_vec=00h,intcode,intcodelo,powerup,init,end_init -pramtop=0F00h \
  -psmallconst=SMALLCONST -pmediumconst=MEDIUMCONST -pconst=CONST \
  -AFARRAM=00h-00h -ACONFIG=0FFF8h-0FFFFh -pconfig=CONFIG \
  -pjflash_buffer=0F800h \
  -prdata=COMRAM,nvrram=COMRAM,nvbit=COMRAM,rbss=COMRAM,rbit=COMRAM \
  -pfarbss=FARRAM,fardata=FARRAM,nvFARRAM=FARRAM \
  -pintsave_regs=BIGRAM,bigbss=BIGRAM,bigdata=BIGRAM -pbss=RAM \
  -pidata=CODE,irdata=CODE,ibigdata=CODE,ifardata=CODE -prparam=COMRAM \
  C:\Users\Matias\AppData\Local\Temp\s2dc.obj \
  dist/default/production\laboratorioTP.production.obj 

Object code version is 3.11

Machine type is 18F26J50

Call graph: (short form)




                Name                               Link     Load   Length Selector   Space Scale
C:\Users\Matias\AppData\Local\Temp\s2dc.obj
                end_init                              0        0        4        0       0
                config                             FFF8     FFF8        8     FFF8       0
dist/default/production\laboratorioTP.production.obj
                smallconst                          F00      F00       E4      780       0
                text70                             386A     386A       12      7F2       0
                text69                             1E58     1E58      146      7F2       0
                text68                             21F8     21F8      10C      7F2       0
                text67                             2C38     2C38       96      7F2       0
                text66                             18AC     18AC      19C      7F2       0
                text65                             3858     3858       12      7F2       0
                text64                             307C     307C       76      7F2       0
                text63                             35F4     35F4       32      7F2       0
                text62                             388E     388E        E     1C47       0
                text61                             3846     3846       12      7F2       0
                text60                             2F02     2F02       80      7F2       0
                text59                             3478     3478       46      7F2       0
                text58                             38AE     38AE        8     1C47       0
                text57                             38B6     38B6        2     1C47       0
                text56                             2DEE     2DEE       8E      7F2       0
                text55                             30F2     30F2       6E      7F2       0
                text54                             1D12     1D12      146      7F2       0
                text53                             3686     3686       30      7F2       0
                text52                             3808     3808       16      7F2       0
                text51                             37A6     37A6       24      7F2       0
                text50                             342C     342C       4C      7F2       0
                text49                             3340     3340       54      7F2       0
                text48                             328C     328C       5C      7F2       0
                text47                             33E0     33E0       4C      7F2       0
                text46                             3710     3710       28      7F2       0
                text45                             37CA     37CA       22      7F2       0
                text44                             129C     129C      264      7F2       0
                text43                              FE4      FE4      2B8      7F2       0
                text42                             27BE     27BE       DE      7F2       0
                text41                             389C     389C        A     1C47       0
                text40                             2A44     2A44       C6      7F2       0
                text39                             3738     3738       26      7F2       0
                text38                             32E8     32E8       58      7F2       0
                text37                             38A6     38A6        8     1C47       0
                text36                             3832     3832       14      7F2       0
                text35                             322C     322C       60      7F2       0
                text34                             357E     357E       3C      7F2       0
                text33                             25F4     25F4       EC      7F2       0
                text32                             3782     3782       24      7F2       0
                text31                             16E8     16E8      1C4      7F2       0
                text30                             34BE     34BE       44      7F2       0
                text29                             2406     2406      102      7F2       0
                text28                             2970     2970       D4      7F2       0
                text27                             3000     3000       7C      7F2       0
                text26                             2BA2     2BA2       96      7F2       0
                text25                             2304     2304      102      7F2       0
                text24                             2CCE     2CCE       92      7F2       0
                text23                             26E0     26E0       DE      7F2       0
                text22                             289C     289C       D4      7F2       0
                text21                             1500     1500      1E8      7F2       0
                text20                             20D8     20D8      120      7F2       0
                text19                             1A48     1A48      182      7F2       0
                text18                             1F9E     1F9E      13A      7F2       0
                text17                             37EC     37EC       1C      7F2       0
                text16                             1BCA     1BCA      148      7F2       0
                text15                             3540     3540       3E      7F2       0
                text14                             3502     3502       3E      7F2       0
                text13                             2E7C     2E7C       86      7F2       0
                text12                             2B0A     2B0A       98      7F2       0
                text11                             3656     3656       30      7F2       0
                text10                             3394     3394       4C      7F2       0
                text9                              2508     2508       EC      7F2       0
                text8                              36B6     36B6       2E      7F2       0
                text7                              375E     375E       24      7F2       0
                text6                              381E     381E       14      7F2       0
                text5                              36E4     36E4       2C      7F2       0
                text4                              2D60     2D60       8E      7F2       0
                text3                              31C6     31C6       66      7F2       0
                text2                              2F82     2F82       7E      7F2       0
                text1                              3160     3160       66      7F2       0
                text0                              3626     3626       30      7F2       0
                cstackCOMRAM                          1        1       5F        1       1
                cstackBANK0                          B3       B3       16       60       1
                dataBANK0                            C9       C9       11       60       1
                bssBANK0                             60       60       53       60       1
                bitbssBANK0                         738       E7        1       60       1     8
                cinit                              35BA     35BA       3A      7F2       0
                nvBANK0                              DA       DA        D       60       1
                idataBANK0                         387C     387C       11      7F2       0

TOTAL           Name                               Link     Load   Length     Space
        CLASS   STACK          

        CLASS   CODE           
                end_init                              0        0        4         0
                text70                             386A     386A       12         0
                text69                             1E58     1E58      146         0
                text68                             21F8     21F8      10C         0
                text67                             2C38     2C38       96         0
                text66                             18AC     18AC      19C         0
                text65                             3858     3858       12         0
                text64                             307C     307C       76         0
                text63                             35F4     35F4       32         0
                text62                             388E     388E        E         0
                text61                             3846     3846       12         0
                text60                             2F02     2F02       80         0
                text59                             3478     3478       46         0
                text58                             38AE     38AE        8         0
                text57                             38B6     38B6        2         0
                text56                             2DEE     2DEE       8E         0
                text55                             30F2     30F2       6E         0
                text54                             1D12     1D12      146         0
                text53                             3686     3686       30         0
                text52                             3808     3808       16         0
                text51                             37A6     37A6       24         0
                text50                             342C     342C       4C         0
                text49                             3340     3340       54         0
                text48                             328C     328C       5C         0
                text47                             33E0     33E0       4C         0
                text46                             3710     3710       28         0
                text45                             37CA     37CA       22         0
                text44                             129C     129C      264         0
                text43                              FE4      FE4      2B8         0
                text42                             27BE     27BE       DE         0
                text41                             389C     389C        A         0
                text40                             2A44     2A44       C6         0
                text39                             3738     3738       26         0
                text38                             32E8     32E8       58         0
                text37                             38A6     38A6        8         0
                text36                             3832     3832       14         0
                text35                             322C     322C       60         0
                text34                             357E     357E       3C         0
                text33                             25F4     25F4       EC         0
                text32                             3782     3782       24         0
                text31                             16E8     16E8      1C4         0
                text30                             34BE     34BE       44         0
                text29                             2406     2406      102         0
                text28                             2970     2970       D4         0
                text27                             3000     3000       7C         0
                text26                             2BA2     2BA2       96         0
                text25                             2304     2304      102         0
                text24                             2CCE     2CCE       92         0
                text23                             26E0     26E0       DE         0
                text22                             289C     289C       D4         0
                text21                             1500     1500      1E8         0
                text20                             20D8     20D8      120         0
                text19                             1A48     1A48      182         0
                text18                             1F9E     1F9E      13A         0
                text17                             37EC     37EC       1C         0
                text16                             1BCA     1BCA      148         0
                text15                             3540     3540       3E         0
                text14                             3502     3502       3E         0
                text13                             2E7C     2E7C       86         0
                text12                             2B0A     2B0A       98         0
                text11                             3656     3656       30         0
                text10                             3394     3394       4C         0
                text9                              2508     2508       EC         0
                text8                              36B6     36B6       2E         0
                text7                              375E     375E       24         0
                text6                              381E     381E       14         0
                text5                              36E4     36E4       2C         0
                text4                              2D60     2D60       8E         0
                text3                              31C6     31C6       66         0
                text2                              2F82     2F82       7E         0
                text1                              3160     3160       66         0
                text0                              3626     3626       30         0
                cinit                              35BA     35BA       3A         0
                idataBANK0                         387C     387C       11         0

        CLASS   CONST          

        CLASS   SMALLCONST     
                smallconst                          F00      F00       E4         0

        CLASS   MEDIUMCONST    

        CLASS   COMRAM         
                cstackCOMRAM                          1        1       5F         1

        CLASS   ABS1           

        CLASS   BIGRAM         

        CLASS   RAM            

        CLASS   BANK0          
                cstackBANK0                          B3       B3       16         1
                dataBANK0                            C9       C9       11         1
                bssBANK0                             60       60       53         1
                bitbssBANK0                         738       E7        1         1
                nvBANK0                              DA       DA        D         1

        CLASS   BANK1          

        CLASS   BANK2          

        CLASS   BANK3          

        CLASS   BANK4          

        CLASS   BANK5          

        CLASS   BANK6          

        CLASS   BANK7          

        CLASS   BANK8          

        CLASS   BANK9          

        CLASS   BANK10         

        CLASS   BANK11         

        CLASS   BANK12         

        CLASS   BANK13         

        CLASS   BANK14         

        CLASS   SFR            

        CLASS   FARRAM         

        CLASS   CONFIG         
                config                             FFF8     FFF8        8         0

        CLASS   IDLOC          



SEGMENTS        Name                           Load    Length   Top    Selector   Space  Class

                reset_vec                      000000  000004  000004         0       0  CODE    
                cstackCOMRAM                   000001  00005F  000060         1       1  COMRAM  
                bssBANK0                       000060  000088  0000E8        60       1  BANK0   
                smallconst                     000F00  0000E4  000FE4       780       0  SMALLCON
                text43                         000FE4  0028A9  00388D       7F2       0  CODE    
                text62                         00388E  00002A  0038B8      1C47       0  CODE    
                config                         00FFF8  000008  010000      FFF8       0  CONFIG  


UNUSED ADDRESS RANGES

        Name                Unused          Largest block    Delta
        BANK0            000E8-000FF              18
        BANK1            00100-001FF             100
        BANK10           00A00-00AFF             100
        BANK11           00B00-00BFF             100
        BANK12           00C00-00CFF             100
        BANK13           00D00-00DFF             100
        BANK14           00E00-00EBF              C0
        BANK2            00200-002FF             100
        BANK3            00300-003FF             100
        BANK4            00400-004FF             100
        BANK5            00500-005FF             100
        BANK6            00600-006FF             100
        BANK7            00700-007FF             100
        BANK8            00800-008FF             100
        BANK9            00900-009FF             100
        BIGRAM           000E8-00EBF             DD8
        CODE             00004-00EFF             EFC
                         0388D-0388D               1
                         038B8-0FFF7            C740
        CONST            00004-00EFF             EFC
                         0388D-0388D               1
                         038B8-0FFF7            C740
        MEDIUMCONST      0388D-0388D               1
                         038B8-0FFF7            C740
        RAM              000E8-00EBF             100
        SFR              00EC0-00FFF              60
        SMALLCONST       0388D-0388D               1
                         038B8-0FFF7             100
        STACK            000E8-00EBF             DD8

                                  Symbol Table

?___altoft                     cstackCOMRAM  00037
?___awdiv                      cstackCOMRAM  00001
?___awtoft                     cstackCOMRAM  00009
?___ftadd                      cstackCOMRAM  0001C
?___ftdiv                      cstackCOMRAM  00009
?___ftmul                      cstackCOMRAM  0000D
?___ftneg                      cstackCOMRAM  00001
?___ftpack                     cstackCOMRAM  00001
?___ftsub                      cstackCOMRAM  00028
?___fttol                      cstackCOMRAM  00028
?___lbtoft                     cstackCOMRAM  00009
?___lltoft                     cstackCOMRAM  00009
?___lwdiv                      cstackCOMRAM  00001
?___lwmod                      cstackCOMRAM  00008
?___wmul                       cstackCOMRAM  00001
?_eval_poly                    cstackCOMRAM  00028
?_exp                          cstackCOMRAM  00049
?_floor                        cstackCOMRAM  00041
?_frexp                        cstackCOMRAM  00001
?_ldexp                        cstackCOMRAM  00034
?_log                          cstackCOMRAM  00034
?_obtain_pass                  cstackCOMRAM  00058
?_pow                          cstackCOMRAM  00052
?_sprintf                      cstackCOMRAM  0000D
Delay100TCYx@unit              cstackCOMRAM  00001
Delay1KTCYx@unit               cstackCOMRAM  00001
RtccReadDate@pDt               cstackCOMRAM  00001
RtccReadDate@rTD0              cstackCOMRAM  0000B
RtccReadDate@rTD1              cstackCOMRAM  00003
RtccReadTime@pTm               cstackCOMRAM  00001
RtccReadTime@rTD0              cstackCOMRAM  0000B
RtccReadTime@rTD1              cstackCOMRAM  00003
RtccWriteDate@di               cstackCOMRAM  00003
RtccWriteDate@pDt              cstackCOMRAM  00001
RtccWriteDate@tempDayMonth     cstackCOMRAM  0000A
RtccWriteDate@tempHourWDay     cstackCOMRAM  0000C
RtccWriteDate@tempYear         cstackCOMRAM  00007
RtccWriteDate@wasAlrm          cstackCOMRAM  00006
RtccWriteDate@wasOn            cstackCOMRAM  00005
RtccWriteDate@wasWrEn          cstackCOMRAM  00009
RtccWriteTime@di               cstackCOMRAM  00003
RtccWriteTime@pTm              cstackCOMRAM  00001
RtccWriteTime@tempHourWDay     cstackCOMRAM  0000A
RtccWriteTime@tempMinSec       cstackCOMRAM  00008
RtccWriteTime@wasAlrm          cstackCOMRAM  00006
RtccWriteTime@wasOn            cstackCOMRAM  00005
RtccWriteTime@wasWrEn          cstackCOMRAM  00007
_ADCON0                        (abs)         00FC2
_ADCON1                        (abs)         00FC1
_ALRMCFGbits                   (abs)         00F91
_ANCON0                        (abs)         00F48
_ANCON1                        (abs)         00F49
_Delay100TCYx                  text65        03858
_Delay1KTCYx                   text61        03846
_EECON2                        (abs)         00FA7
_INTCONbits                    (abs)         00FF2
_LATAbits                      (abs)         00F89
_LATBbits                      (abs)         00F8A
_LCD_INIT_STRING               smallconst    00F0B
_OSCCONbits                    (abs)         00FD3
_OSCTUNEbits                   (abs)         00F9B
_PIE3bits                      (abs)         00FA3
_PORTAbits                     (abs)         00F80
_PORTCbits                     (abs)         00F82
_RTCCFG                        (abs)         00F3F
_RTCCFGbits                    (abs)         00F3F
_RTCVALH                       (abs)         00F99
_RTCVALL                       (abs)         00F98
_Read_RTC                      text54        01D12
_RtccAlrmTimeDate              bssBANK0      00060
_RtccDate                      bssBANK0      000AB
_RtccReadDate                  text56        02DEE
_RtccReadTime                  text55        030F2
_RtccTime                      bssBANK0      000AF
_RtccTimeDate                  bssBANK0      00068
_RtccTimeVal                   bssBANK0      00078
_RtccWrOn                      text70        0386A
_RtccWriteDate                 text69        01E58
_RtccWriteTime                 text68        021F8
_Rtcc_read_TimeDate            bssBANK0      00070
_Setup                         text59        03478
_T1CONbits                     (abs)         00FCD
_TRISA                         (abs)         00F92
_TRISB                         (abs)         00F93
_TRISBbits                     (abs)         00F93
_TRISC                         (abs)         00F94
_Write_RTC                     text66        018AC
__CFG_CP0$OFF                  (abs)         00000
__CFG_CPUDIV$OSC1              (abs)         00000
__CFG_DSBOREN$OFF              (abs)         00000
__CFG_DSWDTEN$OFF              (abs)         00000
__CFG_DSWDTOSC$INTOSCREF       (abs)         00000
__CFG_DSWDTPS$G2               (abs)         00000
__CFG_FCMEN$OFF                (abs)         00000
__CFG_IESO$OFF                 (abs)         00000
__CFG_IOL1WAY$OFF              (abs)         00000
__CFG_LPT1OSC$OFF              (abs)         00000
__CFG_MSSP7B_EN$MSK7           (abs)         00000
__CFG_OSC$INTOSC               (abs)         00000
__CFG_PLLDIV$1                 (abs)         00000
__CFG_RTCOSC$T1OSCREF          (abs)         00000
__CFG_STVREN$ON                (abs)         00000
__CFG_T1DIG$ON                 (abs)         00000
__CFG_WDTEN$OFF                (abs)         00000
__CFG_WDTPS$32768              (abs)         00000
__CFG_WPCFG$OFF                (abs)         00000
__CFG_WPDIS$OFF                (abs)         00000
__CFG_XINST$OFF                (abs)         00000
__HRAM                         (abs)         00000
__Habs1                        abs1          00000
__Hbank0                       bank0         00000
__Hbank1                       bank1         00000
__Hbank10                      bank10        00000
__Hbank11                      bank11        00000
__Hbank12                      bank12        00000
__Hbank13                      bank13        00000
__Hbank14                      bank14        00000
__Hbank2                       bank2         00000
__Hbank3                       bank3         00000
__Hbank4                       bank4         00000
__Hbank5                       bank5         00000
__Hbank6                       bank6         00000
__Hbank7                       bank7         00000
__Hbank8                       bank8         00000
__Hbank9                       bank9         00000
__Hbigbss                      bigbss        00000
__Hbigdata                     bigdata       00000
__Hbigram                      bigram        00000
__HbitbssBANK0                 bitbssBANK0   00000
__Hbss                         bss           00000
__HbssBANK0                    bssBANK0      00000
__Hcinit                       cinit         00000
__Hclrtext                     clrtext       00000
__Hcomram                      comram        00000
__Hconfig                      config        10000
__Hconst                       const         00000
__HcstackBANK0                 cstackBANK0   00000
__HcstackCOMRAM                cstackCOMRAM  00000
__Hdata                        data          00000
__HdataBANK0                   dataBANK0     00000
__Hend_init                    end_init      00004
__Hfarbss                      farbss        00000
__Hfardata                     fardata       00000
__Hibigdata                    ibigdata      00000
__Hidata                       idata         00000
__HidataBANK0                  idataBANK0    00000
__Hidloc                       idloc         00000
__Hifardata                    ifardata      00000
__Hinit                        init          00000
__Hintcode                     intcode       00000
__Hintcode_body                intcode_body  00000
__Hintcodelo                   intcodelo     00000
__Hintentry                    intentry      00000
__Hintret                      intret        00000
__Hintsave_regs                intsave_regs  00000
__Hirdata                      irdata        00000
__Hjflash_buffer               jflash_buffer 0F800
__Hmediumconst                 mediumconst   00000
__HnvBANK0                     nvBANK0       00000
__HnvFARRAM                    nvFARRAM      00000
__Hnvbit                       nvbit         00000
__Hnvrram                      nvrram        00000
__Hparam                       rparam        00000
__Hpowerup                     powerup       00000
__Hram                         ram           00000
__Hramtop                      ramtop        00F00
__Hrbit                        rbit          00000
__Hrbss                        rbss          00000
__Hrdata                       rdata         00000
__Hreset_vec                   reset_vec     00000
__Hrparam                      rparam        00000
__Hsfr                         sfr           00000
__Hsmallconst                  smallconst    00FE4
__Hspace_0                     (abs)         10000
__Hspace_1                     (abs)         00739
__Hspace_2                     (abs)         00000
__Hstack                       stack         00000
__Hstruct                      struct        00000
__Htemp                        temp          00000
__Htext                        text          00000
__Htext0                       text0         00000
__Htext1                       text1         00000
__Htext10                      text10        00000
__Htext11                      text11        00000
__Htext12                      text12        00000
__Htext13                      text13        00000
__Htext14                      text14        00000
__Htext15                      text15        00000
__Htext16                      text16        00000
__Htext17                      text17        00000
__Htext18                      text18        00000
__Htext19                      text19        00000
__Htext2                       text2         00000
__Htext20                      text20        00000
__Htext21                      text21        00000
__Htext22                      text22        00000
__Htext23                      text23        00000
__Htext24                      text24        00000
__Htext25                      text25        00000
__Htext26                      text26        00000
__Htext27                      text27        00000
__Htext28                      text28        00000
__Htext29                      text29        00000
__Htext3                       text3         00000
__Htext30                      text30        00000
__Htext31                      text31        00000
__Htext32                      text32        00000
__Htext33                      text33        00000
__Htext34                      text34        00000
__Htext35                      text35        00000
__Htext36                      text36        00000
__Htext37                      text37        00000
__Htext38                      text38        00000
__Htext39                      text39        00000
__Htext4                       text4         00000
__Htext40                      text40        00000
__Htext41                      text41        00000
__Htext42                      text42        00000
__Htext43                      text43        00000
__Htext44                      text44        00000
__Htext45                      text45        00000
__Htext46                      text46        00000
__Htext47                      text47        00000
__Htext48                      text48        00000
__Htext49                      text49        00000
__Htext5                       text5         00000
__Htext50                      text50        00000
__Htext51                      text51        00000
__Htext52                      text52        00000
__Htext53                      text53        00000
__Htext54                      text54        00000
__Htext55                      text55        00000
__Htext56                      text56        00000
__Htext57                      text57        00000
__Htext58                      text58        00000
__Htext59                      text59        00000
__Htext6                       text6         00000
__Htext60                      text60        00000
__Htext61                      text61        00000
__Htext62                      text62        00000
__Htext63                      text63        00000
__Htext64                      text64        00000
__Htext65                      text65        00000
__Htext66                      text66        00000
__Htext67                      text67        00000
__Htext68                      text68        00000
__Htext69                      text69        00000
__Htext7                       text7         00000
__Htext70                      text70        00000
__Htext8                       text8         00000
__Htext9                       text9         00000
__LRAM                         (abs)         00001
__Labs1                        abs1          00000
__Lbank0                       bank0         00000
__Lbank1                       bank1         00000
__Lbank10                      bank10        00000
__Lbank11                      bank11        00000
__Lbank12                      bank12        00000
__Lbank13                      bank13        00000
__Lbank14                      bank14        00000
__Lbank2                       bank2         00000
__Lbank3                       bank3         00000
__Lbank4                       bank4         00000
__Lbank5                       bank5         00000
__Lbank6                       bank6         00000
__Lbank7                       bank7         00000
__Lbank8                       bank8         00000
__Lbank9                       bank9         00000
__Lbigbss                      bigbss        00000
__Lbigdata                     bigdata       00000
__Lbigram                      bigram        00000
__LbitbssBANK0                 bitbssBANK0   00000
__Lbss                         bss           00000
__LbssBANK0                    bssBANK0      00000
__Lcinit                       cinit         00000
__Lclrtext                     clrtext       00000
__Lcomram                      comram        00000
__Lconfig                      config        0FFF8
__Lconst                       const         00000
__LcstackBANK0                 cstackBANK0   00000
__LcstackCOMRAM                cstackCOMRAM  00000
__Ldata                        data          00000
__LdataBANK0                   dataBANK0     00000
__Lend_init                    end_init      00000
__Lfarbss                      farbss        00000
__Lfardata                     fardata       00000
__Libigdata                    ibigdata      00000
__Lidata                       idata         00000
__LidataBANK0                  idataBANK0    00000
__Lidloc                       idloc         00000
__Lifardata                    ifardata      00000
__Linit                        init          00000
__Lintcode                     intcode       00000
__Lintcode_body                intcode_body  00000
__Lintcodelo                   intcodelo     00000
__Lintentry                    intentry      00000
__Lintret                      intret        00000
__Lintsave_regs                intsave_regs  00000
__Lirdata                      irdata        00000
__Ljflash_buffer               jflash_buffer 0F800
__Lmediumconst                 mediumconst   00000
__LnvBANK0                     nvBANK0       00000
__LnvFARRAM                    nvFARRAM      00000
__Lnvbit                       nvbit         00000
__Lnvrram                      nvrram        00000
__Lparam                       rparam        00000
__Lpowerup                     powerup       00000
__Lram                         ram           00000
__Lramtop                      ramtop        00F00
__Lrbit                        rbit          00000
__Lrbss                        rbss          00000
__Lrdata                       rdata         00000
__Lreset_vec                   reset_vec     00000
__Lrparam                      rparam        00000
__Lsfr                         sfr           00000
__Lsmallconst                  smallconst    00F00
__Lspace_0                     (abs)         00000
__Lspace_1                     (abs)         00000
__Lspace_2                     (abs)         00000
__Lstack                       stack         00000
__Lstruct                      struct        00000
__Ltemp                        temp          00000
__Ltext                        text          00000
__Ltext0                       text0         00000
__Ltext1                       text1         00000
__Ltext10                      text10        00000
__Ltext11                      text11        00000
__Ltext12                      text12        00000
__Ltext13                      text13        00000
__Ltext14                      text14        00000
__Ltext15                      text15        00000
__Ltext16                      text16        00000
__Ltext17                      text17        00000
__Ltext18                      text18        00000
__Ltext19                      text19        00000
__Ltext2                       text2         00000
__Ltext20                      text20        00000
__Ltext21                      text21        00000
__Ltext22                      text22        00000
__Ltext23                      text23        00000
__Ltext24                      text24        00000
__Ltext25                      text25        00000
__Ltext26                      text26        00000
__Ltext27                      text27        00000
__Ltext28                      text28        00000
__Ltext29                      text29        00000
__Ltext3                       text3         00000
__Ltext30                      text30        00000
__Ltext31                      text31        00000
__Ltext32                      text32        00000
__Ltext33                      text33        00000
__Ltext34                      text34        00000
__Ltext35                      text35        00000
__Ltext36                      text36        00000
__Ltext37                      text37        00000
__Ltext38                      text38        00000
__Ltext39                      text39        00000
__Ltext4                       text4         00000
__Ltext40                      text40        00000
__Ltext41                      text41        00000
__Ltext42                      text42        00000
__Ltext43                      text43        00000
__Ltext44                      text44        00000
__Ltext45                      text45        00000
__Ltext46                      text46        00000
__Ltext47                      text47        00000
__Ltext48                      text48        00000
__Ltext49                      text49        00000
__Ltext5                       text5         00000
__Ltext50                      text50        00000
__Ltext51                      text51        00000
__Ltext52                      text52        00000
__Ltext53                      text53        00000
__Ltext54                      text54        00000
__Ltext55                      text55        00000
__Ltext56                      text56        00000
__Ltext57                      text57        00000
__Ltext58                      text58        00000
__Ltext59                      text59        00000
__Ltext6                       text6         00000
__Ltext60                      text60        00000
__Ltext61                      text61        00000
__Ltext62                      text62        00000
__Ltext63                      text63        00000
__Ltext64                      text64        00000
__Ltext65                      text65        00000
__Ltext66                      text66        00000
__Ltext67                      text67        00000
__Ltext68                      text68        00000
__Ltext69                      text69        00000
__Ltext7                       text7         00000
__Ltext70                      text70        00000
__Ltext8                       text8         00000
__Ltext9                       text9         00000
__S0                           (abs)         10000
__S1                           (abs)         000E8
__S2                           (abs)         00000
___altoft                      text27        03000
___altoft@c                    cstackCOMRAM  00037
___altoft@exp                  cstackCOMRAM  0003F
___altoft@sign                 cstackCOMRAM  00040
___awdiv                       text67        02C38
___awdiv@counter               cstackCOMRAM  00005
___awdiv@dividend              cstackCOMRAM  00001
___awdiv@divisor               cstackCOMRAM  00003
___awdiv@quotient              cstackCOMRAM  00007
___awdiv@sign                  cstackCOMRAM  00006
___awtoft                      text34        0357E
___awtoft@c                    cstackCOMRAM  00009
___awtoft@sign                 cstackCOMRAM  0000C
___ftadd                       text31        016E8
___ftadd@exp1                  cstackCOMRAM  00027
___ftadd@exp2                  cstackCOMRAM  00026
___ftadd@f1                    cstackCOMRAM  0001C
___ftadd@f2                    cstackCOMRAM  0001F
___ftadd@sign                  cstackCOMRAM  00025
___ftdiv                       text33        025F4
___ftdiv@cntr                  cstackCOMRAM  00012
___ftdiv@exp                   cstackCOMRAM  00016
___ftdiv@f1                    cstackCOMRAM  00009
___ftdiv@f2                    cstackCOMRAM  0000C
___ftdiv@f3                    cstackCOMRAM  00013
___ftdiv@sign                  cstackCOMRAM  00017
___ftge                        text26        02BA2
___ftge@ff1                    cstackCOMRAM  00001
___ftge@ff2                    cstackCOMRAM  00004
___ftmul                       text29        02406
___ftmul@cntr                  cstackCOMRAM  0001A
___ftmul@exp                   cstackCOMRAM  00016
___ftmul@f1                    cstackCOMRAM  0000D
___ftmul@f2                    cstackCOMRAM  00010
___ftmul@f3_as_product         cstackCOMRAM  00017
___ftmul@sign                  cstackCOMRAM  0001B
___ftneg                       text32        03782
___ftneg@f1                    cstackCOMRAM  00001
___ftpack                      text40        02A44
___ftpack@arg                  cstackCOMRAM  00001
___ftpack@exp                  cstackCOMRAM  00004
___ftpack@sign                 cstackCOMRAM  00005
___ftsub                       text30        034BE
___ftsub@f1                    cstackCOMRAM  00028
___ftsub@f2                    cstackCOMRAM  0002B
___fttol                       text25        02304
___fttol@exp1                  cstackCOMRAM  00036
___fttol@f1                    cstackCOMRAM  00028
___fttol@lval                  cstackCOMRAM  00032
___fttol@sign1                 cstackCOMRAM  00031
___inthi_sp                    stack         00000
___intlo_sp                    stack         00000
___lbtoft                      text39        03738
___lbtoft@c                    cstackCOMRAM  0000C
___lltoft                      text35        0322C
___lltoft@c                    cstackCOMRAM  00009
___lltoft@exp                  cstackCOMRAM  00011
___lwdiv                       text48        0328C
___lwdiv@counter               cstackCOMRAM  00007
___lwdiv@dividend              cstackCOMRAM  00001
___lwdiv@divisor               cstackCOMRAM  00003
___lwdiv@quotient              cstackCOMRAM  00005
___lwmod                       text47        033E0
___lwmod@counter               cstackCOMRAM  0000C
___lwmod@dividend              cstackCOMRAM  00008
___lwmod@divisor               cstackCOMRAM  0000A
___param_bank                  (abs)         00010
___rparam_used                 (abs)         00001
___sp                          stack         00000
___wmul                        text46        03710
___wmul@multiplicand           cstackCOMRAM  00003
___wmul@multiplier             cstackCOMRAM  00001
___wmul@product                cstackCOMRAM  00005
__accesstop                    (abs)         00060
__activetblptr                 (abs)         00002
__delay_s                      text38        032E8
__delay_s@index                cstackCOMRAM  0000E
__delay_s@it                   cstackCOMRAM  0000C
__delay_s@millis               cstackCOMRAM  00009
__end_of_Delay100TCYx          text65        0386A
__end_of_Delay1KTCYx           text61        03858
__end_of_LCD_INIT_STRING       smallconst    00F0F
__end_of_Read_RTC              text54        01E58
__end_of_RtccReadDate          text56        02E7C
__end_of_RtccReadTime          text55        03160
__end_of_RtccWrOn              text70        0387C
__end_of_RtccWriteDate         text69        01F9E
__end_of_RtccWriteTime         text68        02304
__end_of_Setup                 text59        034BE
__end_of_Write_RTC             text66        01A48
__end_of___altoft              text27        0307C
__end_of___awdiv               text67        02CCE
__end_of___awtoft              text34        035BA
__end_of___ftadd               text31        018AC
__end_of___ftdiv               text33        026E0
__end_of___ftge                text26        02C38
__end_of___ftmul               text29        02508
__end_of___ftneg               text32        037A6
__end_of___ftpack              text40        02B0A
__end_of___ftsub               text30        03502
__end_of___fttol               text25        02406
__end_of___lbtoft              text39        0375E
__end_of___lltoft              text35        0328C
__end_of___lwdiv               text48        032E8
__end_of___lwmod               text47        0342C
__end_of___wmul                text46        03738
__end_of__delay_s              text38        03340
__end_of__initialization       cinit         035EA
__end_of_caratula              text58        038B6
__end_of_changePass            text41        038A6
__end_of_change_state          text8         036E4
__end_of_checkPass             text17        03808
__end_of_clear                 text52        0381E
__end_of_clear_keyboard        text37        038AE
__end_of_configurar_reloj      text57        038B8
__end_of_dispararSensor        text53        036B6
__end_of_dpowers               smallconst    00F0B
__end_of_eval_poly             text28        02A44
__end_of_exp                   text21        016E8
__end_of_floor                 text23        027BE
__end_of_frexp                 text24        02D60
__end_of_input_new_pass        text18        020D8
__end_of_input_old_pass        text16        01D12
__end_of_input_password        text4         02DEE
__end_of_is_not_letter         text11        03686
__end_of_isdigit               text45        037EC
__end_of_lcd_comand            text62        0389C
__end_of_lcd_gotoxy            text51        037CA
__end_of_lcd_init              text60        02F82
__end_of_lcd_putc              text50        03478
__end_of_lcd_putrs             text49        03394
__end_of_lcd_send_byte         text63        03626
__end_of_lcd_send_nibble       text64        030F2
__end_of_lcd_setcursor_vb      text6         03832
__end_of_ldexp                 text22        02970
__end_of_log                   text20        021F8
__end_of_main                  text0         03656
__end_of_next_code             text10        033E0
__end_of_not_fill_pass         text36        03846
__end_of_obtain_pass           text9         025F4
__end_of_pow                   text19        01BCA
__end_of_read_keyboard         text43        0129C
__end_of_review_code           text7         03782
__end_of_select_menu           text12        02BA2
__end_of_set_desactive_vision  text5         03710
__end_of_set_vision            text1         031C6
__end_of_show_error            text15        0357E
__end_of_show_success          text14        03540
__end_of_sprintf               text44        01500
__end_of_twinkle               text3         0322C
__end_of_ver_info              text42        0289C
__end_of_ver_opcion_cambio     text13        02F02
__end_of_write_Date            text2         03000
__end_ofexp@coeff              smallconst    00F2D
__end_oflog@coeff              smallconst    00F48
__initialization               cinit         035BA
__mediumconst                  mediumconst   00000
__pbitbssBANK0                 bitbssBANK0   00738
__pbssBANK0                    bssBANK0      00060
__pcinit                       cinit         035BA
__pcstackBANK0                 cstackBANK0   000B3
__pcstackCOMRAM                cstackCOMRAM  00001
__pdataBANK0                   dataBANK0     000C9
__pidataBANK0                  idataBANK0    0387C
__pnvBANK0                     nvBANK0       000DA
__psmallconst                  smallconst    00F00
__ptext0                       text0         03626
__ptext1                       text1         03160
__ptext10                      text10        03394
__ptext11                      text11        03656
__ptext12                      text12        02B0A
__ptext13                      text13        02E7C
__ptext14                      text14        03502
__ptext15                      text15        03540
__ptext16                      text16        01BCA
__ptext17                      text17        037EC
__ptext18                      text18        01F9E
__ptext19                      text19        01A48
__ptext2                       text2         02F82
__ptext20                      text20        020D8
__ptext21                      text21        01500
__ptext22                      text22        0289C
__ptext23                      text23        026E0
__ptext24                      text24        02CCE
__ptext25                      text25        02304
__ptext26                      text26        02BA2
__ptext27                      text27        03000
__ptext28                      text28        02970
__ptext29                      text29        02406
__ptext3                       text3         031C6
__ptext30                      text30        034BE
__ptext31                      text31        016E8
__ptext32                      text32        03782
__ptext33                      text33        025F4
__ptext34                      text34        0357E
__ptext35                      text35        0322C
__ptext36                      text36        03832
__ptext37                      text37        038A6
__ptext38                      text38        032E8
__ptext39                      text39        03738
__ptext4                       text4         02D60
__ptext40                      text40        02A44
__ptext41                      text41        0389C
__ptext42                      text42        027BE
__ptext43                      text43        00FE4
__ptext44                      text44        0129C
__ptext45                      text45        037CA
__ptext46                      text46        03710
__ptext47                      text47        033E0
__ptext48                      text48        0328C
__ptext49                      text49        03340
__ptext5                       text5         036E4
__ptext50                      text50        0342C
__ptext51                      text51        037A6
__ptext52                      text52        03808
__ptext53                      text53        03686
__ptext54                      text54        01D12
__ptext55                      text55        030F2
__ptext56                      text56        02DEE
__ptext57                      text57        038B6
__ptext58                      text58        038AE
__ptext59                      text59        03478
__ptext6                       text6         0381E
__ptext60                      text60        02F02
__ptext61                      text61        03846
__ptext62                      text62        0388E
__ptext63                      text63        035F4
__ptext64                      text64        0307C
__ptext65                      text65        03858
__ptext66                      text66        018AC
__ptext67                      text67        02C38
__ptext68                      text68        021F8
__ptext69                      text69        01E58
__ptext7                       text7         0375E
__ptext70                      text70        0386A
__ptext8                       text8         036B6
__ptext9                       text9         02508
__ramtop                       ramtop        00F00
__size_of_Delay100TCYx         (abs)         00000
__size_of_Delay1KTCYx          (abs)         00000
__size_of_Read_RTC             (abs)         00000
__size_of_RtccReadDate         (abs)         00000
__size_of_RtccReadTime         (abs)         00000
__size_of_RtccWrOn             (abs)         00000
__size_of_RtccWriteDate        (abs)         00000
__size_of_RtccWriteTime        (abs)         00000
__size_of_Setup                (abs)         00000
__size_of_Write_RTC            (abs)         00000
__size_of___altoft             (abs)         00000
__size_of___awdiv              (abs)         00000
__size_of___awtoft             (abs)         00000
__size_of___ftadd              (abs)         00000
__size_of___ftdiv              (abs)         00000
__size_of___ftge               (abs)         00000
__size_of___ftmul              (abs)         00000
__size_of___ftneg              (abs)         00000
__size_of___ftpack             (abs)         00000
__size_of___ftsub              (abs)         00000
__size_of___fttol              (abs)         00000
__size_of___lbtoft             (abs)         00000
__size_of___lltoft             (abs)         00000
__size_of___lwdiv              (abs)         00000
__size_of___lwmod              (abs)         00000
__size_of___wmul               (abs)         00000
__size_of__delay_s             (abs)         00000
__size_of_caratula             (abs)         00000
__size_of_changePass           (abs)         00000
__size_of_change_state         (abs)         00000
__size_of_checkPass            (abs)         00000
__size_of_clear                (abs)         00000
__size_of_clear_keyboard       (abs)         00000
__size_of_configurar_reloj     (abs)         00000
__size_of_dispararSensor       (abs)         00000
__size_of_eval_poly            (abs)         00000
__size_of_exp                  (abs)         00000
__size_of_floor                (abs)         00000
__size_of_frexp                (abs)         00000
__size_of_input_new_pass       (abs)         00000
__size_of_input_old_pass       (abs)         00000
__size_of_input_password       (abs)         00000
__size_of_is_not_letter        (abs)         00000
__size_of_isdigit              (abs)         00000
__size_of_lcd_comand           (abs)         00000
__size_of_lcd_gotoxy           (abs)         00000
__size_of_lcd_init             (abs)         00000
__size_of_lcd_putc             (abs)         00000
__size_of_lcd_putrs            (abs)         00000
__size_of_lcd_send_byte        (abs)         00000
__size_of_lcd_send_nibble      (abs)         00000
__size_of_lcd_setcursor_vb     (abs)         00000
__size_of_ldexp                (abs)         00000
__size_of_log                  (abs)         00000
__size_of_main                 (abs)         00000
__size_of_next_code            (abs)         00000
__size_of_not_fill_pass        (abs)         00000
__size_of_obtain_pass          (abs)         00000
__size_of_pow                  (abs)         00000
__size_of_read_keyboard        (abs)         00000
__size_of_review_code          (abs)         00000
__size_of_select_menu          (abs)         00000
__size_of_set_desactive_vision (abs)         00000
__size_of_set_vision           (abs)         00000
__size_of_show_error           (abs)         00000
__size_of_show_success         (abs)         00000
__size_of_sprintf              (abs)         00000
__size_of_twinkle              (abs)         00000
__size_of_ver_info             (abs)         00000
__size_of_ver_opcion_cambio    (abs)         00000
__size_of_write_Date           (abs)         00000
__smallconst                   smallconst    00F00
_a                             bssBANK0      0007C
_anio                          dataBANK0     000C9
_anio_d                        nvBANK0       000DA
_anio_u                        nvBANK0       000DB
_b                             bssBANK0      0007E
_buffer2                       bssBANK0      00097
_c                             bssBANK0      00080
_caratula                      text58        038AE
_changePass                    text41        0389C
_change_state                  text8         036B6
_checkPass                     text17        037EC
_clear                         text52        03808
_clear_keyboard                text37        038A6
_configurar_reloj              text57        038B6
_dia                           dataBANK0     000CB
_diaDisparo                    bssBANK0      00082
_dia_semana                    nvBANK0       000DC
_diasem                        dataBANK0     000CD
_dispararSensor                text53        03686
_dpowers                       smallconst    00F01
_errno                         bssBANK0      00084
_eval_poly                     text28        02970
_exp                           text21        01500
_exp$3046                      cstackCOMRAM  0004C
_fecha_d                       nvBANK0       000DD
_fecha_u                       nvBANK0       000DE
_flag                          bitbssBANK0   00738
_floor                         text23        026E0
_frexp                         text24        02CCE
_hora                          dataBANK0     000CF
_horaDisparo                   bssBANK0      00086
_hora_d                        nvBANK0       000DF
_hora_u                        nvBANK0       000E0
_i                             bssBANK0      00088
_input_new_pass                text18        01F9E
_input_new_pass$3042           cstackBANK0   000BE
_input_new_pass$3043           cstackBANK0   000C1
_input_old_pass                text16        01BCA
_input_old_pass$3040           cstackBANK0   000BE
_input_old_pass$3041           cstackBANK0   000C1
_input_password                text4         02D60
_is_not_letter                 text11        03656
_is_not_letter$1260            cstackCOMRAM  00001
_isdigit                       text45        037CA
_isdigit$2643                  cstackCOMRAM  00002
_j                             bssBANK0      0008A
_k                             bssBANK0      0008C
_key                           dataBANK0     000D7
_lcd_comand                    text62        0388E
_lcd_gotoxy                    text51        037A6
_lcd_init                      text60        02F02
_lcd_putc                      text50        0342C
_lcd_putrs                     text49        03340
_lcd_send_byte                 text63        035F4
_lcd_send_nibble               text64        0307C
_lcd_setcursor_vb              text6         0381E
_ldexp                         text22        0289C
_log                           text20        020D8
_main                          text0         03626
_menu                          dataBANK0     000D8
_mes                           dataBANK0     000D1
_mesDisparo                    bssBANK0      0008E
_mes_d                         nvBANK0       000E1
_mes_u                         nvBANK0       000E2
_minDisparo                    bssBANK0      00090
_minuto                        dataBANK0     000D3
_minuto_d                      nvBANK0       000E3
_minuto_u                      nvBANK0       000E4
_newpass                       bssBANK0      00092
_next_code                     text10        03394
_not_fill_pass                 text36        03832
_obtain_pass                   text9         02508
_obtain_pass$3038              cstackBANK0   000BE
_obtain_pass$3039              cstackBANK0   000C1
_password                      dataBANK0     000D5
_pow                           text19        01A48
_pow$3044                      cstackBANK0   000B3
_pow$3045                      cstackBANK0   000B6
_read_keyboard                 text43        00FE4
_review_code                   text7         0375E
_segundo                       bssBANK0      00094
_segundo_d                     nvBANK0       000E5
_segundo_u                     nvBANK0       000E6
_select_menu                   text12        02B0A
_sensorDisparado               bssBANK0      00096
_set_desactive_vision          text5         036E4
_set_vision                    text1         03160
_show_error                    text15        03540
_show_success                  text14        03502
_sprintf                       text44        0129C
_state_alarm                   dataBANK0     000D9
_twinkle                       text3         031C6
_ver_info                      text42        027BE
_ver_opcion_cambio             text13        02E7C
_write_Date                    text2         02F82
changePass@pass                cstackCOMRAM  00001
checkPass@pass                 cstackCOMRAM  00001
dispararSensor@sensor          cstackCOMRAM  00013
end_of_initialization          cinit         035EA
eval_poly@d                    cstackCOMRAM  0002B
eval_poly@n                    cstackCOMRAM  0002D
eval_poly@res                  cstackCOMRAM  00031
eval_poly@x                    cstackCOMRAM  00028
exp@coeff                      smallconst    00F0F
exp@exponent                   cstackCOMRAM  0004F
exp@sign                       cstackCOMRAM  00051
exp@x                          cstackCOMRAM  00049
floor@expon                    cstackCOMRAM  00047
floor@i                        cstackCOMRAM  00044
floor@x                        cstackCOMRAM  00041
frexp@eptr                     cstackCOMRAM  00004
frexp@value                    cstackCOMRAM  00001
input_new_pass@digit           cstackBANK0   000C5
input_new_pass@input           cstackBANK0   000C4
input_old_pass@digit           cstackBANK0   000C7
input_old_pass@input           cstackBANK0   000C6
input_old_pass@pass            cstackBANK0   000C4
input_password@digit           cstackBANK0   000C7
input_password@input           cstackBANK0   000C6
input_password@pass            cstackBANK0   000C4
intlevel0                      text          00000
intlevel1                      text          00000
intlevel2                      text          00000
intlevel3                      text          00000
is_not_letter@input            cstackCOMRAM  00002
isdigit@c                      cstackCOMRAM  00003
lcd_comand@d                   cstackCOMRAM  00005
lcd_gotoxy@address             cstackCOMRAM  00007
lcd_gotoxy@x                   cstackCOMRAM  00006
lcd_gotoxy@y                   cstackCOMRAM  00005
lcd_init@i                     cstackCOMRAM  00005
lcd_putc@c                     cstackCOMRAM  00008
lcd_putrs@ptr                  cstackCOMRAM  00009
lcd_send_byte@address          cstackCOMRAM  00004
lcd_send_byte@n                cstackCOMRAM  00003
lcd_send_nibble@nibble         cstackCOMRAM  00002
lcd_setcursor_vb@blink         cstackCOMRAM  00005
lcd_setcursor_vb@visible       cstackCOMRAM  00006
ldexp@newexp                   cstackCOMRAM  00037
ldexp@value                    cstackCOMRAM  00034
log@coeff                      smallconst    00F2D
log@exponent                   cstackCOMRAM  00037
log@x                          cstackCOMRAM  00034
next_code@digit                cstackCOMRAM  00008
next_code@input                cstackCOMRAM  0000A
not_fill_pass@digit            cstackCOMRAM  00001
obtain_pass@digit              cstackCOMRAM  0005B
obtain_pass@input              cstackCOMRAM  0005A
obtain_pass@pass               cstackCOMRAM  00058
pow@sign                       cstackBANK0   000B9
pow@x                          cstackCOMRAM  00052
pow@y                          cstackCOMRAM  00055
pow@yi                         cstackBANK0   000BA
review_code@digit              cstackCOMRAM  00003
review_code@pass               cstackCOMRAM  00005
set_desactive_vision@digit     cstackCOMRAM  0000B
sprintf@ap                     cstackCOMRAM  0001B
sprintf@c                      cstackCOMRAM  00023
sprintf@f                      cstackCOMRAM  0000F
sprintf@flag                   cstackCOMRAM  0001D
sprintf@prec                   cstackCOMRAM  00020
sprintf@sp                     cstackCOMRAM  0000D
sprintf@val                    cstackCOMRAM  0001E
sprintf@width                  cstackCOMRAM  00021
stackhi                        (abs)         00EBF
stacklo                        (abs)         000E8
start                          init          00000
start_initialization           cinit         035BA
twinkle@input                  cstackCOMRAM  00025
ver_info@input                 cstackCOMRAM  00025
ver_opcion_cambio@input        cstackCOMRAM  0005B
ver_opcion_cambio@old_correct  cstackCOMRAM  0005A


FUNCTION INFORMATION:

 *************** function _main *****************
 Defined at:
		line 88 in file "main.c"
 Parameters:    Size  Location     Type
		None
 Auto vars:     Size  Location     Type
		None
 Return value:  Size  Location     Type
                  2  130[None  ] int 
 Registers used:
		wreg, fsr0l, fsr0h, fsr2l, fsr2h, status,2, status,0, tblptrl, tblptrh, tblptru, prodl, prodh, cstack
 Tracked objects:
		On entry : 
		On exit  : 
		Unchanged: 
 Data sizes:     COMRAM   BANK0   BANK1   BANK2   BANK3   BANK4   BANK5   BANK6   BANK7   BANK8   BANK9  BANK10  BANK11  BANK12  BANK13  BANK14
      Params:         0       0       0       0       0       0       0       0       0       0       0       0       0       0       0       0
      Locals:         0       0       0       0       0       0       0       0       0       0       0       0       0       0       0       0
      Temps:          1       0       0       0       0       0       0       0       0       0       0       0       0       0       0       0
      Totals:         1       0       0       0       0       0       0       0       0       0       0       0       0       0       0       0
Total ram usage:        1 bytes
 Hardware stack levels required when called:    9
 This function calls:
		_Read_RTC
		_Setup
		_caratula
		_select_menu
		_set_vision
 This function is called by:
		Startup code after reset
 This function uses a non-reentrant model


 *************** function _set_vision *****************
 Defined at:
		line 115 in file "lcd_vision.c"
 Parameters:    Size  Location     Type
		None
 Auto vars:     Size  Location     Type
		None
 Return value:  Size  Location     Type
		None               void
 Registers used:
		wreg, fsr0l, fsr0h, fsr2l, fsr2h, status,2, status,0, tblptrl, tblptrh, tblptru, prodl, prodh, cstack
 Tracked objects:
		On entry : 
		On exit  : 
		Unchanged: 
 Data sizes:     COMRAM   BANK0   BANK1   BANK2   BANK3   BANK4   BANK5   BANK6   BANK7   BANK8   BANK9  BANK10  BANK11  BANK12  BANK13  BANK14
      Params:         0       0       0       0       0       0       0       0       0       0       0       0       0       0       0       0
      Locals:         0       0       0       0       0       0       0       0       0       0       0       0       0       0       0       0
      Temps:          0       0       0       0       0       0       0       0       0       0       0       0       0       0       0       0
      Totals:         0       0       0       0       0       0       0       0       0       0       0       0       0       0       0       0
Total ram usage:        0 bytes
 Hardware stack levels used:    1
 Hardware stack levels required when called:    7
 This function calls:
		_clear
		_input_password
		_lcd_gotoxy
		_lcd_putrs
		_twinkle
		_write_Date
 This function is called by:
		_main
 This function uses a non-reentrant model


 *************** function _write_Date *****************
 Defined at:
		line 12 in file "lcd_vision.c"
 Parameters:    Size  Location     Type
		None
 Auto vars:     Size  Location     Type
		None
 Return value:  Size  Location     Type
		None               void
 Registers used:
		wreg, fsr0l, fsr0h, fsr2l, fsr2h, status,2, status,0, tblptrl, tblptrh, tblptru, prodl, prodh, cstack
 Tracked objects:
		On entry : 
		On exit  : 
		Unchanged: 
 Data sizes:     COMRAM   BANK0   BANK1   BANK2   BANK3   BANK4   BANK5   BANK6   BANK7   BANK8   BANK9  BANK10  BANK11  BANK12  BANK13  BANK14
      Params:         0       0       0       0       0       0       0       0       0       0       0       0       0       0       0       0
      Locals:         0       0       0       0       0       0       0       0       0       0       0       0       0       0       0       0
      Temps:          0       0       0       0       0       0       0       0       0       0       0       0       0       0       0       0
      Totals:         0       0       0       0       0       0       0       0       0       0       0       0       0       0       0       0
Total ram usage:        0 bytes
 Hardware stack levels used:    1
 Hardware stack levels required when called:    5
 This function calls:
		_lcd_gotoxy
		_lcd_putrs
		_sprintf
 This function is called by:
		_set_vision
 This function uses a non-reentrant model


 *************** function _twinkle *****************
 Defined at:
		line 74 in file "lcd_vision.c"
 Parameters:    Size  Location     Type
		None
 Auto vars:     Size  Location     Type
  input           1   36[COMRAM] unsigned char 
 Return value:  Size  Location     Type
		None               void
 Registers used:
		wreg, fsr0l, fsr0h, fsr2l, fsr2h, status,2, status,0, tblptrl, tblptrh, tblptru, prodl, prodh, cstack
 Tracked objects:
		On entry : 
		On exit  : 
		Unchanged: 
 Data sizes:     COMRAM   BANK0   BANK1   BANK2   BANK3   BANK4   BANK5   BANK6   BANK7   BANK8   BANK9  BANK10  BANK11  BANK12  BANK13  BANK14
      Params:         0       0       0       0       0       0       0       0       0       0       0       0       0       0       0       0
      Locals:         1       0       0       0       0       0       0       0       0       0       0       0       0       0       0       0
      Temps:          0       0       0       0       0       0       0       0       0       0       0       0       0       0       0       0
      Totals:         1       0       0       0       0       0       0       0       0       0       0       0       0       0       0       0
Total ram usage:        1 bytes
 Hardware stack levels used:    1
 Hardware stack levels required when called:    6
 This function calls:
		__delay_s
		_clear_keyboard
		_lcd_gotoxy
		_lcd_putrs
		_read_keyboard
 This function is called by:
		_set_vision
 This function uses a non-reentrant model


 *************** function _input_password *****************
 Defined at:
		line 100 in file "lcd_vision.c"
 Parameters:    Size  Location     Type
		None
 Auto vars:     Size  Location     Type
  digit           2   20[BANK0 ] short 
  pass            2   17[BANK0 ] int 
  input           1   19[BANK0 ] unsigned char 
 Return value:  Size  Location     Type
		None               void
 Registers used:
		wreg, fsr0l, fsr0h, fsr2l, fsr2h, status,2, status,0, tblptrl, tblptrh, tblptru, prodl, prodh, cstack
 Tracked objects:
		On entry : 
		On exit  : 
		Unchanged: 
 Data sizes:     COMRAM   BANK0   BANK1   BANK2   BANK3   BANK4   BANK5   BANK6   BANK7   BANK8   BANK9  BANK10  BANK11  BANK12  BANK13  BANK14
      Params:         0       0       0       0       0       0       0       0       0       0       0       0       0       0       0       0
      Locals:         0       5       0       0       0       0       0       0       0       0       0       0       0       0       0       0
      Temps:          0       0       0       0       0       0       0       0       0       0       0       0       0       0       0       0
      Totals:         0       5       0       0       0       0       0       0       0       0       0       0       0       0       0       0
Total ram usage:        5 bytes
 Hardware stack levels used:    1
 Hardware stack levels required when called:    6
 This function calls:
		_is_not_letter
		_not_fill_pass
		_obtain_pass
		_read_keyboard
		_review_code
		_set_desactive_vision
 This function is called by:
		_set_vision
 This function uses a non-reentrant model


 *************** function _set_desactive_vision *****************
 Defined at:
		line 93 in file "lcd_vision.c"
 Parameters:    Size  Location     Type
  digit           2   10[COMRAM] short 
 Auto vars:     Size  Location     Type
		None
 Return value:  Size  Location     Type
		None               void
 Registers used:
		wreg, fsr0l, fsr0h, status,2, status,0, tblptrl, tblptrh, tblptru, cstack
 Tracked objects:
		On entry : 
		On exit  : 
		Unchanged: 
 Data sizes:     COMRAM   BANK0   BANK1   BANK2   BANK3   BANK4   BANK5   BANK6   BANK7   BANK8   BANK9  BANK10  BANK11  BANK12  BANK13  BANK14
      Params:         2       0       0       0       0       0       0       0       0       0       0       0       0       0       0       0
      Locals:         0       0       0       0       0       0       0       0       0       0       0       0       0       0       0       0
      Temps:          0       0       0       0       0       0       0       0       0       0       0       0       0       0       0       0
      Totals:         2       0       0       0       0       0       0       0       0       0       0       0       0       0       0       0
Total ram usage:        2 bytes
 Hardware stack levels used:    1
 Hardware stack levels required when called:    5
 This function calls:
		_lcd_gotoxy
		_lcd_putrs
		_lcd_setcursor_vb
 This function is called by:
		_input_password
 This function uses a non-reentrant model


 *************** function _lcd_setcursor_vb *****************
 Defined at:
		line 210 in file "C:/Archivos de programa/Unimic/unmc_01/sources/unmc_lcd_216.c"
 Parameters:    Size  Location     Type
  visible         1    wreg     unsigned char 
  blink           1    4[COMRAM] unsigned char 
 Auto vars:     Size  Location     Type
  visible         1    5[COMRAM] unsigned char 
 Return value:  Size  Location     Type
		None               void
 Registers used:
		wreg, status,2, status,0, cstack
 Tracked objects:
		On entry : 
		On exit  : 
		Unchanged: 
 Data sizes:     COMRAM   BANK0   BANK1   BANK2   BANK3   BANK4   BANK5   BANK6   BANK7   BANK8   BANK9  BANK10  BANK11  BANK12  BANK13  BANK14
      Params:         1       0       0       0       0       0       0       0       0       0       0       0       0       0       0       0
      Locals:         1       0       0       0       0       0       0       0       0       0       0       0       0       0       0       0
      Temps:          0       0       0       0       0       0       0       0       0       0       0       0       0       0       0       0
      Totals:         2       0       0       0       0       0       0       0       0       0       0       0       0       0       0       0
Total ram usage:        2 bytes
 Hardware stack levels used:    1
 Hardware stack levels required when called:    2
 This function calls:
		_lcd_send_byte
 This function is called by:
		_set_desactive_vision
		_jumpIfNotNumber
 This function uses a non-reentrant model


 *************** function _review_code *****************
 Defined at:
		line 56 in file "lcd_vision.c"
 Parameters:    Size  Location     Type
  digit           2    2[COMRAM] short 
  pass            2    4[COMRAM] int 
 Auto vars:     Size  Location     Type
		None
 Return value:  Size  Location     Type
		None               void
 Registers used:
		wreg, status,2, status,0, cstack
 Tracked objects:
		On entry : 
		On exit  : 
		Unchanged: 
 Data sizes:     COMRAM   BANK0   BANK1   BANK2   BANK3   BANK4   BANK5   BANK6   BANK7   BANK8   BANK9  BANK10  BANK11  BANK12  BANK13  BANK14
      Params:         4       0       0       0       0       0       0       0       0       0       0       0       0       0       0       0
      Locals:         0       0       0       0       0       0       0       0       0       0       0       0       0       0       0       0
      Temps:          0       0       0       0       0       0       0       0       0       0       0       0       0       0       0       0
      Totals:         4       0       0       0       0       0       0       0       0       0       0       0       0       0       0       0
Total ram usage:        4 bytes
 Hardware stack levels used:    1
 Hardware stack levels required when called:    1
 This function calls:
		_change_state
		_checkPass
 This function is called by:
		_input_password
 This function uses a non-reentrant model


 *************** function _change_state *****************
 Defined at:
		line 46 in file "lcd_vision.c"
 Parameters:    Size  Location     Type
		None
 Auto vars:     Size  Location     Type
		None
 Return value:  Size  Location     Type
		None               void
 Registers used:
		wreg, status,2, status,0
 Tracked objects:
		On entry : 
		On exit  : 
		Unchanged: 
 Data sizes:     COMRAM   BANK0   BANK1   BANK2   BANK3   BANK4   BANK5   BANK6   BANK7   BANK8   BANK9  BANK10  BANK11  BANK12  BANK13  BANK14
      Params:         0       0       0       0       0       0       0       0       0       0       0       0       0       0       0       0
      Locals:         0       0       0       0       0       0       0       0       0       0       0       0       0       0       0       0
      Temps:          0       0       0       0       0       0       0       0       0       0       0       0       0       0       0       0
      Totals:         0       0       0       0       0       0       0       0       0       0       0       0       0       0       0       0
Total ram usage:        0 bytes
 Hardware stack levels used:    1
 This function calls:
		Nothing
 This function is called by:
		_review_code
 This function uses a non-reentrant model


 *************** function _obtain_pass *****************
 Defined at:
		line 64 in file "lcd_vision.c"
 Parameters:    Size  Location     Type
  pass            2   87[COMRAM] int 
  input           1   89[COMRAM] unsigned char 
  digit           2   90[COMRAM] PTR short 
		 -> input_password@digit(2), 
 Auto vars:     Size  Location     Type
		None
 Return value:  Size  Location     Type
                  2   87[COMRAM] int 
 Registers used:
		wreg, fsr2l, fsr2h, status,2, status,0, tblptrl, tblptrh, tblptru, prodl, prodh, cstack
 Tracked objects:
		On entry : 
		On exit  : 
		Unchanged: 
 Data sizes:     COMRAM   BANK0   BANK1   BANK2   BANK3   BANK4   BANK5   BANK6   BANK7   BANK8   BANK9  BANK10  BANK11  BANK12  BANK13  BANK14
      Params:         5       0       0       0       0       0       0       0       0       0       0       0       0       0       0       0
      Locals:         0       6       0       0       0       0       0       0       0       0       0       0       0       0       0       0
      Temps:          2       0       0       0       0       0       0       0       0       0       0       0       0       0       0       0
      Totals:         7       6       0       0       0       0       0       0       0       0       0       0       0       0       0       0
Total ram usage:       13 bytes
 Hardware stack levels used:    1
 Hardware stack levels required when called:    5
 This function calls:
		___awtoft
		___ftadd
		___ftmul
		___fttol
		___lbtoft
		_next_code
		_pow
 This function is called by:
		_input_password
 This function uses a non-reentrant model


 *************** function _next_code *****************
 Defined at:
		line 39 in file "lcd_vision.c"
 Parameters:    Size  Location     Type
  digit           2    7[COMRAM] PTR short 
		 -> input_password@digit(2), 
  input           2    9[COMRAM] PTR unsigned char 
		 -> obtain_pass@input(1), 
 Auto vars:     Size  Location     Type
		None
 Return value:  Size  Location     Type
		None               void
 Registers used:
		wreg, fsr2l, fsr2h, status,2, status,0, cstack
 Tracked objects:
		On entry : 
		On exit  : 
		Unchanged: 
 Data sizes:     COMRAM   BANK0   BANK1   BANK2   BANK3   BANK4   BANK5   BANK6   BANK7   BANK8   BANK9  BANK10  BANK11  BANK12  BANK13  BANK14
[...]
      Totals:         2       0       0       0       0       0       0       0       0       0       0       0       0       0       0       0
Total ram usage:        2 bytes
 Hardware stack levels used:    1
 Hardware stack levels required when called:    1
 This function calls:
		_Delay100TCYx
		_lcd_send_nibble
 This function is called by:
		_lcd_init
		_lcd_gotoxy
		_lcd_putc
		_lcd_comand
		_lcd_setcursor_vb
 This function uses a non-reentrant model


 *************** function _lcd_send_nibble *****************
 Defined at:
		line 25 in file "C:/Archivos de programa/Unimic/unmc_01/sources/unmc_lcd_216.c"
 Parameters:    Size  Location     Type
  nibble          1    wreg     unsigned char 
 Auto vars:     Size  Location     Type
  nibble          1    1[COMRAM] unsigned char 
 Return value:  Size  Location     Type
		None               void
 Registers used:
		wreg, status,2, status,0
 Tracked objects:
		On entry : 
		On exit  : 
		Unchanged: 
 Data sizes:     COMRAM   BANK0   BANK1   BANK2   BANK3   BANK4   BANK5   BANK6   BANK7   BANK8   BANK9  BANK10  BANK11  BANK12  BANK13  BANK14
      Params:         0       0       0       0       0       0       0       0       0       0       0       0       0       0       0       0
      Locals:         1       0       0       0       0       0       0       0       0       0       0       0       0       0       0       0
      Temps:          1       0       0       0       0       0       0       0       0       0       0       0       0       0       0       0
      Totals:         2       0       0       0       0       0       0       0       0       0       0       0       0       0       0       0
Total ram usage:        2 bytes
 Hardware stack levels used:    1
 This function calls:
		Nothing
 This function is called by:
		_lcd_send_byte
		_lcd_init
 This function uses a non-reentrant model


 *************** function _Delay100TCYx *****************
 Defined at:
		line 8 in file "C:\Program Files\Microchip\xc8\v1.34\sources\pic18\d100tcyx.c"
 Parameters:    Size  Location     Type
  unit            1    wreg     unsigned char 
 Auto vars:     Size  Location     Type
  unit            1    0[COMRAM] unsigned char 
 Return value:  Size  Location     Type
		None               void
 Registers used:
		wreg
 Tracked objects:
		On entry : 
		On exit  : 
		Unchanged: 
 Data sizes:     COMRAM   BANK0   BANK1   BANK2   BANK3   BANK4   BANK5   BANK6   BANK7   BANK8   BANK9  BANK10  BANK11  BANK12  BANK13  BANK14
      Params:         0       0       0       0       0       0       0       0       0       0       0       0       0       0       0       0
      Locals:         1       0       0       0       0       0       0       0       0       0       0       0       0       0       0       0
      Temps:          0       0       0       0       0       0       0       0       0       0       0       0       0       0       0       0
      Totals:         1       0       0       0       0       0       0       0       0       0       0       0       0       0       0       0
Total ram usage:        1 bytes
 Hardware stack levels used:    1
 This function calls:
		Nothing
 This function is called by:
		_lcd_send_byte
 This function uses a non-reentrant model


 *************** function _Write_RTC *****************
 Defined at:
		line 22 in file "Unimic/sources/unmc_rtcc_01.c"
 Parameters:    Size  Location     Type
		None
 Auto vars:     Size  Location     Type
		None
 Return value:  Size  Location     Type
		None               void
 Registers used:
		wreg, fsr2l, fsr2h, status,2, status,0, prodl, prodh, cstack
 Tracked objects:
		On entry : 
		On exit  : 
		Unchanged: 
 Data sizes:     COMRAM   BANK0   BANK1   BANK2   BANK3   BANK4   BANK5   BANK6   BANK7   BANK8   BANK9  BANK10  BANK11  BANK12  BANK13  BANK14
      Params:         0       0       0       0       0       0       0       0       0       0       0       0       0       0       0       0
      Locals:         0       0       0       0       0       0       0       0       0       0       0       0       0       0       0       0
      Temps:          0       0       0       0       0       0       0       0       0       0       0       0       0       0       0       0
      Totals:         0       0       0       0       0       0       0       0       0       0       0       0       0       0       0       0
Total ram usage:        0 bytes
 Hardware stack levels used:    1
 Hardware stack levels required when called:    2
 This function calls:
		_RtccWrOn
		_RtccWriteDate
		_RtccWriteTime
		___awdiv
 This function is called by:
		_Setup
		_setClock
 This function uses a non-reentrant model


 *************** function ___awdiv *****************
 Defined at:
		line 8 in file "C:\Program Files\Microchip\xc8\v1.34\sources\common\awdiv.c"
 Parameters:    Size  Location     Type
  dividend        2    0[COMRAM] int 
  divisor         2    2[COMRAM] int 
 Auto vars:     Size  Location     Type
  quotient        2    6[COMRAM] int 
  sign            1    5[COMRAM] unsigned char 
  counter         1    4[COMRAM] unsigned char 
 Return value:  Size  Location     Type
                  2    0[COMRAM] int 
 Registers used:
		wreg, status,2, status,0
 Tracked objects:
		On entry : 
		On exit  : 
		Unchanged: 
 Data sizes:     COMRAM   BANK0   BANK1   BANK2   BANK3   BANK4   BANK5   BANK6   BANK7   BANK8   BANK9  BANK10  BANK11  BANK12  BANK13  BANK14
      Params:         4       0       0       0       0       0       0       0       0       0       0       0       0       0       0       0
      Locals:         4       0       0       0       0       0       0       0       0       0       0       0       0       0       0       0
      Temps:          0       0       0       0       0       0       0       0       0       0       0       0       0       0       0       0
      Totals:         8       0       0       0       0       0       0       0       0       0       0       0       0       0       0       0
Total ram usage:        8 bytes
 Hardware stack levels used:    1
 This function calls:
		Nothing
 This function is called by:
		__delay_s
		_Write_RTC
 This function uses a non-reentrant model


 *************** function _RtccWriteTime *****************
 Defined at:
		line 34 in file "C:\Program Files\Microchip\xc8\v1.34\sources\pic18\plib\rtcc\RtccWriteTime.c"
 Parameters:    Size  Location     Type
  pTm             2    0[COMRAM] PTR const struct .
		 -> RtccTime(4), 
  di              1    2[COMRAM] enum E7121
 Auto vars:     Size  Location     Type
  tempHourWDay    2    9[COMRAM] struct .
  tempMinSec      2    7[COMRAM] struct .
  wasWrEn         1    6[COMRAM] enum E7121
  wasAlrm         1    5[COMRAM] enum E7121
  wasOn           1    4[COMRAM] enum E7121
 Return value:  Size  Location     Type
                  1    wreg      enum E7121
 Registers used:
		wreg, fsr2l, fsr2h, status,2, status,0, cstack
 Tracked objects:
		On entry : 
		On exit  : 
		Unchanged: 
 Data sizes:     COMRAM   BANK0   BANK1   BANK2   BANK3   BANK4   BANK5   BANK6   BANK7   BANK8   BANK9  BANK10  BANK11  BANK12  BANK13  BANK14
      Params:         3       0       0       0       0       0       0       0       0       0       0       0       0       0       0       0
      Locals:         7       0       0       0       0       0       0       0       0       0       0       0       0       0       0       0
      Temps:          1       0       0       0       0       0       0       0       0       0       0       0       0       0       0       0
      Totals:        11       0       0       0       0       0       0       0       0       0       0       0       0       0       0       0
Total ram usage:       11 bytes
 Hardware stack levels used:    1
 Hardware stack levels required when called:    1
 This function calls:
		_RtccWrOn
 This function is called by:
		_Write_RTC
 This function uses a non-reentrant model


 *************** function _RtccWriteDate *****************
 Defined at:
		line 35 in file "C:\Program Files\Microchip\xc8\v1.34\sources\pic18\plib\rtcc\RtccWriteDate.c"
 Parameters:    Size  Location     Type
  pDt             2    0[COMRAM] PTR const struct .
		 -> RtccDate(4), 
  di              1    2[COMRAM] enum E7121
 Auto vars:     Size  Location     Type
  tempHourWDay    2   11[COMRAM] struct .
  tempDayMonth    2    9[COMRAM] struct .
  tempYear        2    6[COMRAM] struct .
  wasWrEn         1    8[COMRAM] enum E7121
  wasAlrm         1    5[COMRAM] enum E7121
  wasOn           1    4[COMRAM] enum E7121
 Return value:  Size  Location     Type
                  1    wreg      enum E7121
 Registers used:
		wreg, fsr2l, fsr2h, status,2, status,0, cstack
 Tracked objects:
		On entry : 
		On exit  : 
		Unchanged: 
 Data sizes:     COMRAM   BANK0   BANK1   BANK2   BANK3   BANK4   BANK5   BANK6   BANK7   BANK8   BANK9  BANK10  BANK11  BANK12  BANK13  BANK14
      Params:         3       0       0       0       0       0       0       0       0       0       0       0       0       0       0       0
      Locals:         9       0       0       0       0       0       0       0       0       0       0       0       0       0       0       0
      Temps:          1       0       0       0       0       0       0       0       0       0       0       0       0       0       0       0
      Totals:        13       0       0       0       0       0       0       0       0       0       0       0       0       0       0       0
Total ram usage:       13 bytes
 Hardware stack levels used:    1
 Hardware stack levels required when called:    1
 This function calls:
		_RtccWrOn
 This function is called by:
		_Write_RTC
 This function uses a non-reentrant model


 *************** function _RtccWrOn *****************
 Defined at:
		line 21 in file "C:\Program Files\Microchip\xc8\v1.34\sources\pic18\plib\rtcc\RtccWrOn.c"
 Parameters:    Size  Location     Type
		None
 Auto vars:     Size  Location     Type
  data            2    0        unsigned int 
 Return value:  Size  Location     Type
		None               void
 Registers used:
		wreg, status,2
 Tracked objects:
		On entry : 
		On exit  : 
		Unchanged: 
 Data sizes:     COMRAM   BANK0   BANK1   BANK2   BANK3   BANK4   BANK5   BANK6   BANK7   BANK8   BANK9  BANK10  BANK11  BANK12  BANK13  BANK14
      Params:         0       0       0       0       0       0       0       0       0       0       0       0       0       0       0       0
      Locals:         0       0       0       0       0       0       0       0       0       0       0       0       0       0       0       0
      Temps:          0       0       0       0       0       0       0       0       0       0       0       0       0       0       0       0
      Totals:         0       0       0       0       0       0       0       0       0       0       0       0       0       0       0       0
Total ram usage:        0 bytes
 Hardware stack levels used:    1
 This function calls:
		Nothing
 This function is called by:
		_Write_RTC
		_RtccWriteDate
		_RtccWriteTime
 This function uses a non-reentrant model



MODULE INFORMATION

Module		Function		Class		Link	Load	Size
C:\Program Files\Microchip\xc8\v1.34\sources\common\awtoft.c
		___awtoft      		CODE           	357E	0000	61

C:\Program Files\Microchip\xc8\v1.34\sources\common\awtoft.c estimated size: 61

C:\Program Files\Microchip\xc8\v1.34\sources\common\ftsub.c
		___ftsub       		CODE           	34BE	0000	69

C:\Program Files\Microchip\xc8\v1.34\sources\common\ftsub.c estimated size: 69

C:\Program Files\Microchip\xc8\v1.34\sources\common\float.c
		___ftpack      		CODE           	2A44	0000	199

C:\Program Files\Microchip\xc8\v1.34\sources\common\float.c estimated size: 199

Unimic/sources/unmc_rtcc_01.c
		_Read_RTC      		CODE           	1D12	0000	327
		_Write_RTC     		CODE           	18AC	0000	413

Unimic/sources/unmc_rtcc_01.c estimated size: 740

C:\Program Files\Microchip\xc8\v1.34\sources\common\lwmod.c
		___lwmod       		CODE           	33E0	0000	77

C:\Program Files\Microchip\xc8\v1.34\sources\common\lwmod.c estimated size: 77

C:\Program Files\Microchip\xc8\v1.34\sources\pic18\plib\rtcc\RtccReadTime.c
		_RtccReadTime  		CODE           	30F2	0000	111

C:\Program Files\Microchip\xc8\v1.34\sources\pic18\plib\rtcc\RtccReadTime.c estimated size: 111

C:\Program Files\Microchip\xc8\v1.34\sources\common\evalpoly.c
		_eval_poly     		CODE           	2970	0000	213

C:\Program Files\Microchip\xc8\v1.34\sources\common\evalpoly.c estimated size: 213

C:\Program Files\Microchip\xc8\v1.34\sources\common\log.c
		_log           		CODE           	20D8	0000	289

C:\Program Files\Microchip\xc8\v1.34\sources\common\log.c estimated size: 289

C:\Program Files\Microchip\xc8\v1.34\sources\common\frexp.c
		_ldexp         		CODE           	289C	0000	213
		_frexp         		CODE           	2CCE	0000	147

C:\Program Files\Microchip\xc8\v1.34\sources\common\frexp.c estimated size: 360

C:\Program Files\Microchip\xc8\v1.34\sources\pic18\plib\rtcc\RtccWriteTime.c
		_RtccWriteTime 		CODE           	21F8	0000	269

C:\Program Files\Microchip\xc8\v1.34\sources\pic18\plib\rtcc\RtccWriteTime.c estimated size: 269

C:\Program Files\Microchip\xc8\v1.34\sources\common\lbtoft.c
		___lbtoft      		CODE           	3738	0000	39

C:\Program Files\Microchip\xc8\v1.34\sources\common\lbtoft.c estimated size: 39

C:\Program Files\Microchip\xc8\v1.34\sources\common\altoft.c
		___altoft      		CODE           	3000	0000	125

C:\Program Files\Microchip\xc8\v1.34\sources\common\altoft.c estimated size: 125

C:\Program Files\Microchip\xc8\v1.34\sources\common\floor.c
		_floor         		CODE           	26E0	0000	223

C:\Program Files\Microchip\xc8\v1.34\sources\common\floor.c estimated size: 223

C:\Program Files\Microchip\xc8\v1.34\sources\common\ftmul.c
		___ftmul       		CODE           	2406	0000	259

C:\Program Files\Microchip\xc8\v1.34\sources\common\ftmul.c estimated size: 259

reloj.c
		_configurar_rel		CODE           	38B6	0000	3

reloj.c estimated size: 3

C:\Program Files\Microchip\xc8\v1.34\sources\common\pow.c
		_pow           		CODE           	1A48	0000	387

C:\Program Files\Microchip\xc8\v1.34\sources\common\pow.c estimated size: 387

C:\Program Files\Microchip\xc8\v1.34\sources\pic18\plib\rtcc\RtccWrOn.c
		_RtccWrOn      		CODE           	386A	0000	19

C:\Program Files\Microchip\xc8\v1.34\sources\pic18\plib\rtcc\RtccWrOn.c estimated size: 19

C:\Program Files\Microchip\xc8\v1.34\sources\common\ftdiv.c
		___ftdiv       		CODE           	25F4	0000	237

C:\Program Files\Microchip\xc8\v1.34\sources\common\ftdiv.c estimated size: 237

C:\Program Files\Microchip\xc8\v1.34\sources\common\doprnt.c
		_sprintf       		CODE           	129C	0000	613

C:\Program Files\Microchip\xc8\v1.34\sources\common\doprnt.c estimated size: 613

C:\Program Files\Microchip\xc8\v1.34\sources\common\lltoft.c
		___lltoft      		CODE           	322C	0000	97

C:\Program Files\Microchip\xc8\v1.34\sources\common\lltoft.c estimated size: 97

C:\Program Files\Microchip\xc8\v1.34\sources\common\lwdiv.c
		___lwdiv       		CODE           	328C	0000	93

C:\Program Files\Microchip\xc8\v1.34\sources\common\lwdiv.c estimated size: 93

C:\Program Files\Microchip\xc8\v1.34\sources\common\awdiv.c
		___awdiv       		CODE           	2C38	0000	151

C:\Program Files\Microchip\xc8\v1.34\sources\common\awdiv.c estimated size: 151

config.c
		_changePass    		CODE           	389C	0000	11
		_checkPass     		CODE           	37EC	0000	29

config.c estimated size: 40

lcd_vision.c
		_write_Date    		CODE           	2F82	0000	127
		_set_vision    		CODE           	3160	0000	103
		_review_code   		CODE           	375E	0000	37
		_next_code     		CODE           	3394	0000	77
		_input_password		CODE           	2D60	0000	143
		__delay_s      		CODE           	32E8	0000	89
		_set_desactive_		CODE           	36E4	0000	45
		_is_not_letter 		CODE           	3656	0000	49
		_clear         		CODE           	3808	0000	23
		_change_state  		CODE           	36B6	0000	47
		_twinkle       		CODE           	31C6	0000	103
		_not_fill_pass 		CODE           	3832	0000	21
		_obtain_pass   		CODE           	2508	0000	237

lcd_vision.c estimated size: 1101

C:\Program Files\Microchip\xc8\v1.34\sources\common\Umul16.c
		___wmul        		CODE           	3710	0000	41

C:\Program Files\Microchip\xc8\v1.34\sources\common\Umul16.c estimated size: 41

C:\Program Files\Microchip\xc8\v1.34\sources\common\fttol.c
		___fttol       		CODE           	2304	0000	259

C:\Program Files\Microchip\xc8\v1.34\sources\common\fttol.c estimated size: 259

shared
		exp@coeff      		SMALLCONST     	0F0F	0000	31
		_dpowers       		SMALLCONST     	0F01	0000	11
		_LCD_INIT_STRIN		SMALLCONST     	0F0B	0000	5
		__initializatio		CODE           	35BA	0000	49
		log@coeff      		SMALLCONST     	0F2D	0000	28

shared estimated size: 124

C:\Program Files\Microchip\xc8\v1.34\sources\common\ftadd.c
		___ftadd       		CODE           	16E8	0000	453

C:\Program Files\Microchip\xc8\v1.34\sources\common\ftadd.c estimated size: 453

C:\Program Files\Microchip\xc8\v1.34\sources\pic18\d1ktcyx.c
		_Delay1KTCYx   		CODE           	3846	0000	19

C:\Program Files\Microchip\xc8\v1.34\sources\pic18\d1ktcyx.c estimated size: 19

C:\Program Files\Microchip\xc8\v1.34\sources\pic18\d100tcyx.c
		_Delay100TCYx  		CODE           	3858	0000	19

C:\Program Files\Microchip\xc8\v1.34\sources\pic18\d100tcyx.c estimated size: 19

C:\Program Files\Microchip\xc8\v1.34\sources\pic18\plib\rtcc\RtccReadDate.c
		_RtccReadDate  		CODE           	2DEE	0000	143

C:\Program Files\Microchip\xc8\v1.34\sources\pic18\plib\rtcc\RtccReadDate.c estimated size: 143

menu.c
		_show_success  		CODE           	3502	0000	63
		_input_new_pass		CODE           	1F9E	0000	315
		_show_error    		CODE           	3540	0000	63
		_select_menu   		CODE           	2B0A	0000	153
		_ver_opcion_cam		CODE           	2E7C	0000	135
		_ver_info      		CODE           	27BE	0000	223
		_input_old_pass		CODE           	1BCA	0000	329
		_dispararSensor		CODE           	3686	0000	49

menu.c estimated size: 1330

C:\Program Files\Microchip\xc8\v1.34\sources\common\isdigit.c
		_isdigit       		CODE           	37CA	0000	35

C:\Program Files\Microchip\xc8\v1.34\sources\common\isdigit.c estimated size: 35

C:\Program Files\Microchip\xc8\v1.34\sources\pic18\plib\rtcc\RtccWriteDate.c
		_RtccWriteDate 		CODE           	1E58	0000	327

C:\Program Files\Microchip\xc8\v1.34\sources\pic18\plib\rtcc\RtccWriteDate.c estimated size: 327

C:/Archivos de programa/Unimic/unmc_01/sources/unmc_lcd_216.c
		_lcd_comand    		CODE           	388E	0000	15
		_lcd_putc      		CODE           	342C	0000	77
		_lcd_putrs     		CODE           	3340	0000	85
		_lcd_send_byte 		CODE           	35F4	0000	51
		_lcd_setcursor_		CODE           	381E	0000	21
		_lcd_gotoxy    		CODE           	37A6	0000	37
		_lcd_send_nibbl		CODE           	307C	0000	119
		_lcd_init      		CODE           	2F02	0000	129

C:/Archivos de programa/Unimic/unmc_01/sources/unmc_lcd_216.c estimated size: 534

main.c
		_main          		CODE           	3626	0000	49
		_Setup         		CODE           	3478	0000	71
		_caratula      		CODE           	38AE	0000	9

main.c estimated size: 129

C:\Program Files\Microchip\xc8\v1.34\sources\common\exp.c
		_exp           		CODE           	1500	0000	489

C:\Program Files\Microchip\xc8\v1.34\sources\common\exp.c estimated size: 489

C:\Program Files\Microchip\xc8\v1.34\sources\common\ftge.c
		___ftge        		CODE           	2BA2	0000	151

C:\Program Files\Microchip\xc8\v1.34\sources\common\ftge.c estimated size: 151

C:\Program Files\Microchip\xc8\v1.34\sources\common\ftneg.c
		___ftneg       		CODE           	3782	0000	37

C:\Program Files\Microchip\xc8\v1.34\sources\common\ftneg.c estimated size: 37

keyboard.c
		_read_keyboard 		CODE           	0FE4	0000	697
		_clear_keyboard		CODE           	38A6	0000	9

keyboard.c estimated size: 706

